c1080000 T _start
c1080020 t _undefined_instruction
c1080024 t _software_interrupt
c1080028 t _prefetch_abort
c108002c t _data_abort
c1080030 t _not_used
c1080034 t _irq
c1080038 t _fiq
c1080040 t _TEXT_BASE
c1080044 T _armboot_start
c1080048 T _bss_start
c108004c T _bss_end
c1080050 t reset
c1080064 t stack_setup
c1080074 t clear_bss
c1080080 t clbss_l
c108009c t _start_armboot
c10800a0 t cpu_init_crit
c10800e0 t undefined_instruction
c1080140 t software_interrupt
c10801a0 t prefetch_abort
c1080200 t data_abort
c1080260 t not_used
c10802c0 t irq
c1080320 t fiq
c1080380 T lowlevel_init
c1080388 t INTC_GLB_EN_ADDR
c108038c t INTC_EN_CLR0_ADDR
c1080390 t INTC_HINT_EN_ADDR
c1080394 T sbrk
c10803c8 T __coloured_LED_init
c10803c8 W coloured_LED_init
c10803cc T __red_LED_on
c10803cc W red_LED_on
c10803d0 T __red_LED_off
c10803d0 W red_LED_off
c10803d4 T __green_LED_on
c10803d4 W green_LED_on
c10803d8 T __green_LED_off
c10803d8 W green_LED_off
c10803dc T __yellow_LED_on
c10803dc W yellow_LED_on
c10803e0 T __yellow_LED_off
c10803e0 W yellow_LED_off
c10803e4 T hang
c10803f4 t display_dram_config
c1080424 t init_func_i2c
c1080458 t display_banner
c1080478 t init_baudrate
c10804d8 T start_armboot
c10806d8 T enable_interrupts
c10806dc T disable_interrupts
c10806e4 T show_regs
c1080824 T bad_mode
c1080840 T do_irq
c1080864 T do_fiq
c1080888 T do_not_used
c10808ac T do_data_abort
c10808d0 T do_prefetch_abort
c10808f4 T do_software_interrupt
c1080918 T do_undefined_instruction
c108093c t __fswab16
c1080954 t __fswab32
c1080974 t startAgainTimeout
c1080988 t startAgainHandler
c108098c T NetSetHandler
c108099c T NetCksum
c10809e4 T NetCksumOk
c1080a08 T copy_filename
c1080a60 T string_to_VLAN
c1080aac T getenv_VLAN
c1080abc T string_to_ip
c1080b24 T getenv_IPaddr
c1080b34 T NetEthHdrSize
c1080b78 T VLAN_to_string
c1080bd8 T ip_to_string
c1080c18 T print_IPaddr
c1080c34 t NetCopyIP
c1080c3c T NetSetIP
c1080d3c T NetSetEther
c1080dec t NetReadIP
c1080e08 t PingHandler
c1080e30 t NetWriteIP
c1080e4c T NetSendPacket
c1080e50 T ArpRequest
c1080f3c T NetReceive
c10814bc T PingSend
c10815f8 T NetSetTimeout
c1081628 T NetSendUDPPacket
c1081760 t PingTimeout
c108177c T NetStartAgain
c1081864 T ArpTimeoutCheck
c10818d8 T NetLoop
c1081d5c t __fswab16
c1081d74 t TftpSend
c1081ef0 T TftpStart
c108217c t TftpTimeout
c10821e0 t TftpHandler
c1082490 t __fswab16
c10824a8 t __fswab32
c10824c8 t truncate_sz
c10824fc t NetWriteIP
c1082518 t NetCopyLong
c1082520 t NetCopyIP
c1082528 t NetReadLong
c1082544 t DhcpOptionsProcess
c1082734 t DhcpExtended
c1082924 T BootpRequest
c1082ae0 T DhcpRequest
c1082ae4 t DhcpHandler
c1082e5c t BootpTimeout
c1082ea4 T RarpRequest
c1082fac t RarpHandler
c1083008 t RarpTimeout
c1083050 t __def_eth_init
c1083050 W board_eth_init
c1083058 T eth_get_dev
c1083068 T eth_get_dev_index
c10830b4 T eth_halt
c10830e8 T eth_send
c108311c T eth_rx
c1083148 T eth_get_name
c1083168 T eth_get_dev_by_name
c10831bc T eth_set_current
c108322c T eth_try_another
c10832dc T eth_register
c1083368 T eth_init
c10833e4 T eth_set_enetaddr
c1083490 T eth_initialize
c1083730 t __fswab32
c1083750 t basename
c108378c t dirname
c10837a8 t rpc_add_credentials
c1083884 t rpc_lookup_reply
c1083930 t nfs_mount_reply
c10839c4 t nfs_umountall_reply
c1083a44 t nfs_lookup_reply
c1083ad0 t rpc_req
c1083bdc t rpc_lookup_req
c1083c40 t nfs_mount_req
c1083cd0 t nfs_umountall_req
c1083d28 t nfs_lookup_req
c1083dcc t nfs_read_req
c1083e44 t nfs_readlink_req
c1083e94 t NfsSend
c1083f28 T NfsStart
c108416c t NfsTimeout
c10841b4 t nfs_readlink_reply
c10842ac t nfs_read_reply
c10843e8 t NfsHandler
c10845cc T nand_init
c1084668 t generic_ffs
c10846c0 t nand_release_device
c10846d8 t nand_read_byte
c10846e8 t nand_read_byte16
c10846fc t nand_read_word
c108470c t nand_write_buf
c1084740 t nand_read_buf
c1084768 t nand_verify_buf
c10847b0 t nand_write_buf16
c10847e8 t nand_read_buf16
c1084820 t nand_verify_buf16
c108486c t nand_check_wp
c10848a8 t nand_get_device
c10848b4 t nand_block_bad
c10849b8 t nand_read_page_raw
c1084ab0 t nand_read_page_swecc
c1084bc8 t nand_read_subpage
c1084e5c t nand_read_page_hwecc
c1084f98 t nand_read_page_syndrome
c10850bc t nand_read_oob_std
c1085100 t nand_read_oob_syndrome
c1085210 t nand_write_oob_std
c1085280 t nand_write_oob_syndrome
c1085438 t nand_write_page_raw
c108552c t nand_write_page_swecc
c10855d0 t nand_write_page_hwecc
c10856a0 t nand_write_page_syndrome
c1085790 t nand_write_page
c1085850 t single_erase_cmd
c108588c t multi_erase_cmd
c1085918 t nand_sync
c108593c t nand_suspend
c108594c T nand_release
c1085974 t nand_resume
c1085994 T nand_scan_ident
c1085f5c T nand_scan_tail
c1086478 T nand_scan
c1086498 t nand_select_chip
c10864f4 t nand_block_checkbad
c1086524 t nand_block_isbad
c108655c t nand_block_markbad
c1086598 t nand_fill_oob
c10866a4 t nand_do_write_oob
c1086838 t nand_do_write_ops
c1086b6c t nand_write_oob
c1086c30 t nand_write
c1086cd4 t nand_transfer_oob
c1086de0 t nand_default_block_markbad
c1086ed0 T nand_erase_nand
c10871e0 t nand_erase
c10871e8 t nand_wait
c10872bc T nand_wait_ready
c1087300 t nand_do_read_ops
c1087714 t nand_read_oob
c10879ec t nand_read
c1087a90 t nand_command
c1087c4c t nand_command_lp
c1087e94 t check_pattern
c1087f4c t scan_read_raw
c1087fa0 T nand_isbad_bbt
c1087ff0 t create_bbt
c10882b4 t search_bbt
c10884a8 t read_bbt
c10886dc t read_abs_bbt
c10887b8 t write_bbt
c1088e04 T nand_update_bbt
c1088f58 t mark_bbt_region
c10890d0 T nand_scan_bbt
c1089560 T nand_default_bbt
c1089624 T nand_calculate_ecc
c108971c T nand_correct_data
c1089848 t calc_divisor
c10898a4 T _serial_setbrg
c10898d0 T serial_setbrg
c10898d8 T _serial_tstc
c10898ec T serial_tstc
c10898f4 T _serial_getc
c1089910 T serial_getc
c1089918 T _serial_putc_raw
c1089934 T serial_putc_raw
c1089940 T _serial_putc
c1089984 T serial_putc
c1089990 T _serial_puts
c10899c0 T serial_puts
c10899c8 T serial_init
c10899f0 T NS16550_init
c1089a40 T NS16550_reinit
c1089a94 T NS16550_putc
c1089aac T NS16550_getc
c1089ac4 T NS16550_tstc
c1089ad0 t __fswab32
c1089af0 T autoscript
c1089c20 T do_autoscript
c1089c68 t print_num
c1089c7c T do_bdinfo
c1089d4c W do_go_exec
c1089d64 T do_go
c1089de8 t __fswab32
c1089e08 T __board_lmb_reserve
c1089e08 W board_lmb_reserve
c1089e0c T __arch_lmb_reserve
c1089e0c W arch_lmb_reserve
c1089e10 t do_bootm_rtems
c1089e4c t do_bootm_netbsd
c1089f78 t image_check_magic
c1089f9c t image_info
c108a064 T do_iminfo
c108a0c4 t image_get_size
c108a0cc T do_bootd
c108a0f0 t bootm_start
c108a45c t bootm_load_os
c108a5c0 T do_bootm_subcommand
c108a790 T do_bootm
c108a9a4 T do_coninfo
c108aa94 T eeprom_init
c108aab0 T eeprom_write
c108ab24 T eeprom_read
c108ab98 T do_eeprom
c108acb0 T do_fat_fsinfo
c108ad88 T do_fat_ls
c108ae90 T do_fat_fsload
c108b014 t evalstr
c108b030 t evalexp
c108b07c T binary_test
c108b25c T do_itest
c108b304 T ktrans
c108b32c T chk1
c108b35c t bin_data_init
c108b378 t bin_data_char
c108b39c T k_data_init
c108b3bc T k_data_save
c108b3dc T k_data_restore
c108b400 T k_data_char
c108b454 T send_pad
c108b484 T s1_sendpacket
c108b4b0 T handle_send_packet
c108b674 T send_nack
c108b6d4 T send_ack
c108b734 t load_serial_ymodem
c108b834 t getcxmodem
c108b854 T do_load_serial_bin
c108bcb8 t write_record
c108bcec T do_save_serial
c108be90 t load_serial
c108c0a0 T do_load_serial
c108c180 T do_mem_base
c108c1c4 T do_mem_crc
c108c304 T do_mem_mtest
c108c42c T do_mem_loop
c108c530 T do_mem_cp
c108c610 T do_mem_cmp
c108c7b4 T do_mem_mw
c108c888 T do_mem_mwc
c108c914 t mod_mem
c108ca70 T do_mem_nm
c108ca90 T do_mem_mm
c108cab0 T do_mem_md
c108cb98 T do_mem_mdc
c108cc24 T MII_dump_0_to_5
c108cef8 t extract_range
c108cf48 T do_mii
c108d404 T do_sleep
c108d490 t nand_read
c108d4b0 t str2long
c108d4ec t arg_off_size
c108d5c8 T do_nandboot
c108d900 t nand_dump
c108db24 T do_nand
c108e33c T do_ping
c108e3c4 t netboot_common
c108e6f8 T do_nfs
c108e704 T do_dhcp
c108e710 T do_rarpb
c108e71c T do_tftpb
c108e728 T do_bootp
c108e734 T envmatch
c108e794 T getenv_r
c108e838 T do_saveenv
c108e864 T getenv
c108e8cc T _do_setenv
c108edfc T do_askenv
c108ef90 T do_setenv
c108efd0 T setenv
c108f014 T do_printenv
c108f184 T usb_get_class_desc
c108f230 T usb_display_ep_desc
c108f2fc T usb_display_class_sub
c108f474 T do_usbboot
c108f82c T usb_show_tree_graph
c108fa40 T usb_show_tree
c108fa74 T usb_display_desc
c108fba4 T usb_display_string
c108fbe4 T usb_display_if_desc
c108fc6c T usb_display_conf_desc
c108fd18 T usb_display_config
c108fda8 T do_usb
c1090258 T do_imgextract
c1090494 T cmd_get_data_size
c109050c T do_echo
c109058c T do_version
c10905ac T var_complete
c1090640 T find_cmd_tbl
c10906d8 T find_cmd
c1090700 T cmd_auto_complete
c1090b90 t install_auto_complete_handler
c1090ba8 T install_auto_complete
c1090be8 T do_help
c1090d90 T do_exit
c1090dc0 T do_test
c109123c t console_setfile
c10912dc T fgetc
c1091304 T ftstc
c109132c T fputc
c1091358 T fputs
c1091384 T disable_ctrlc
c109139c T had_ctrlc
c10913ac T clear_ctrlc
c10913c0 T dbg
c10913cc T console_init_f
c10913dc T search_device
c1091404 T console_assign
c1091444 T fprintf
c109149c T puts
c10914b8 T vprintf
c10914e4 T printf
c1091530 T console_init_r
c10916c0 T serial_printf
c109170c T putc
c109172c T tstc
c1091744 T getc
c109175c T ctrlc
c10917ac T device_get_list
c10917b8 T device_clone
c1091800 T device_register
c1091840 T devices_init
c10918dc T device_get_by_name
c1091930 T malloc_bin_reloc
c1091968 T malloc_usable_size
c10919ac T mallopt
c1091a24 T malloc_trim
c1091af0 T free
c1091d24 T cfree
c1091d28 T malloc
c1092324 T memalign
c1092434 T pvalloc
c109244c T valloc
c1092458 T calloc
c1092538 T realloc
c10929c4 T env_get_char_memory
c10929e4 T env_get_addr
c1092a04 T env_get_char
c1092a34 T env_complete
c1092b68 T env_crc_update
c1092b94 T set_default_env
c1092bdc T env_relocate
c1092c34 t nand_block_isbad
c1092c48 T env_get_char_spec
c1092c54 T env_init
c1092c70 T writeenv
c1092d14 T readenv
c1092db8 t use_default
c1092dd0 T env_relocate_spec
c1092e1c T saveenv
c1092eb8 t dummy
c1092ebc T get_version
c1092ec4 T jumptable_init
c1092f9c t b_reset
c1092fb8 T simple_itoa
c1093010 t static_get
c109302c t static_peek
c1093038 t file_peek
c1093044 t setup_string_in_str
c1093070 t indenter
c1093080 t is_assignment
c10930dc T mapset
c1093108 t syntax_err
c1093114 T do_showvar
c1093200 T u_boot_hush_start
c1093284 t xmalloc
c10932a4 T new_pipe
c10932cc t file_get
c109349c t free_pipe_list
c1093588 t b_free
c10935ac T unset_local_var
c1093648 t xrealloc
c1093668 t done_command
c10936f0 t initialize_context
c1093728 t done_pipe
c1093778 T reserved_word
c10938b0 t b_addchr
c109392c t done_word
c1093ab0 t b_addqchr
c1093afc t insert_var_value
c1093cb0 T set_local_var
c1093e64 T update_ifs_map
c1093ed4 t parse_stream_outer
c10944b0 T parse_file_outer
c10944f8 T parse_string_outer
c10945bc t run_list_real
c1094d94 t __fswab32
c1094db4 t image_get_data
c1094dbc t image_check_type
c1094dd4 T image_multi_count
c1094dfc t get_table_entry_name
c1094e24 T genimg_get_os_name
c1094e3c T genimg_get_arch_name
c1094e54 T genimg_get_type_name
c1094e6c T genimg_get_comp_name
c1094e84 T genimg_get_image
c1094e88 T genimg_has_config
c1094e90 t get_table_entry_id
c1094edc T genimg_get_comp_id
c1094ef4 T genimg_get_type_id
c1094f0c T genimg_get_arch_id
c1094f24 T genimg_get_os_id
c1094f3c t image_check_magic
c1094f60 T genimg_get_format
c1094f74 t image_get_data_size
c1094f7c t image_get_load
c1094f84 T image_multi_getimg
c1095008 T memmove_wd
c109500c T getenv_bootm_size
c1095040 T getenv_bootm_low
c1095074 T getenv_yesno
c1095098 t genimg_print_size
c10950c4 T image_print_contents
c1095250 T image_check_dcrc
c1095298 T image_check_hcrc
c10952ec T boot_get_ramdisk
c109553c T __show_boot_progress
c109553c W show_boot_progress
c1095540 T parse_line
c10955cc T do_run
c1095640 T run_command
c1095a70 t delete_char
c1095b4c t cread_add_char
c1095c3c t cread_add_str
c1095c8c T readline_into_buffer
c109658c T readline
c1096598 T main_loop
c10966b0 t INIT_LIST_HEAD
c10966bc T miiphy_init
c10966dc T miiphy_get_current_dev
c10966f4 T miiphy_is_1000base_x
c10966fc T miiphy_listdev
c1096768 T miiphy_write
c10967f8 T miiphy_read
c1096884 T miiphy_duplex
c1096918 T miiphy_speed
c10969ac T miiphy_reset
c1096a5c T miiphy_info
c1096af0 T miiphy_set_current_dev
c1096b4c T miiphy_register
c1096c2c t hex1_bin
c1096c68 t hex2_bin
c1096c9c T srec_decode
c1096f08 T usb_disable_asynch
c1096f20 T usb_maxpacket
c1096f44 t usb_set_maxpacket_ep
c1096f94 T usb_set_maxpacket
c1096ff8 T usb_get_dev_index
c1097028 T usb_hub_reset
c109703c T usb_hub_allocate
c1097080 T usb_alloc_new_device
c1097124 T usb_parse_config
c1097278 T usb_submit_int_msg
c109727c T usb_stop
c10972b8 T wait_ms
c10972dc T usb_bulk_msg
c1097340 T usb_control_msg
c109740c T usb_get_port_status
c109746c T usb_get_hub_status
c10974c0 T usb_set_port_feature
c1097520 T usb_clear_port_feature
c1097580 T usb_clear_hub_feature
c10975d4 T usb_get_hub_descriptor
c1097630 T usb_get_string
c10976bc t usb_string_sub
c10977c0 T usb_string
c10978c0 T usb_get_class_descriptor
c1097938 T usb_get_report
c10979b0 T usb_set_idle
c1097a14 T usb_set_protocol
c1097a74 T usb_set_configuration
c1097ae4 T usb_set_interface
c1097bb0 T usb_set_address
c1097bf4 T usb_get_descriptor
c1097c64 T usb_get_configuration_no
c1097cfc T usb_clear_halt
c1097da4 t usb_hub_power_on
c1097de8 t hub_port_reset
c1097e88 T usb_hub_port_connect_change
c1097f6c T usb_hub_configure
c109818c T usb_hub_probe
c10981ec T usb_new_device
c1098498 T usb_scan_devices
c10984fc T usb_init
c1098578 t __fswab32
c1098598 T usb_stor_get_dev
c10985b8 t usb_stor_irq
c10985d4 T usb_show_progress
c10985e0 t usb_request_sense
c1098648 t usb_test_unit_ready
c10986d0 T usb_stor_get_info
c1098940 T usb_storage_probe
c1098b6c T usb_stor_BBB_clear_endpt_stall
c1098bc0 t usb_stor_BBB_reset
c1098ca0 t usb_stor_CB_reset
c1098d8c T usb_stor_read
c1098fac T usb_stor_scan
c10990fc T usb_stor_CB_comdat
c1099328 T usb_stor_BBB_comdat
c1099414 T usb_stor_BBB_transport
c10995e4 T usb_stor_CBI_get_status
c10996b4 T usb_stor_CB_transport
c10998a0 T usb_stor_info
c1099910 T parse_num
c1099a38 T xyzModem_error
c1099ad4 T xyzModem_stream_close
c1099b20 T CYGACC_COMM_IF_PUTC
c1099b2c T CYGACC_COMM_IF_GETC_TIMEOUT
c1099b88 t xyzModem_flush
c1099bb0 T xyzModem_stream_terminate
c1099c84 t xyzModem_get_hdr
c1099f10 T xyzModem_stream_read
c109a19c T xyzModem_stream_open
c109a2f8 T lpsc_on
c109a3c0 T board_init
c109a5a4 T dram_init
c109a5c4 T cpu_eth_init
c109a5d4 T misc_init_r
c109a794 T dv_board_init
c109a798 T cyg_crc16
c109a7e0 T crc32
c109a8f4 T crc32_no_comp
c109aa00 T crc32_wd
c109aa04 T print_size
c109aad0 T display_options
c109aaf0 T print_buffer
c109ac50 T gunzip
c109ada8 T zfree
c109adb0 T zalloc
c109adc0 T lmb_dump_all
c109adc4 t lmb_addrs_adjacent
c109ade8 t lmb_remove_region
c109ae24 T lmb_init
c109ae4c t lmb_add_region
c109b014 T lmb_add
c109b018 T lmb_free
c109b11c T lmb_reserve
c109b124 T lmb_overlaps_region
c109b180 t lmb_align_down
c109b18c T __lmb_alloc_base
c109b29c T lmb_is_reserved
c109b2fc T lmb_alloc_base
c109b330 T lmb_alloc
c109b338 T strcpy
c109b354 T strncpy
c109b37c T strcat
c109b3b0 T strncat
c109b414 T strcmp
c109b44c T strncmp
c109b49c T strchr
c109b4c8 T strlen
c109b4e8 T strrchr
c109b520 T strnlen
c109b548 T strspn
c109b58c T strpbrk
c109b5cc T strtok
c109b64c T strsep
c109b680 T strswab
c109b6cc T memset
c109b6ec T bcopy
c109b718 T memcpy
c109b73c T memmove
c109b798 T memcmp
c109b7d8 T memscan
c109b808 T strstr
c109b86c T memchr
c109b89c T strdup
c109b8d0 T simple_strtoul
c109b988 T simple_strtol
c109b9b0 T ustrtoul
c109ba24 t skip_atoi
c109ba5c t number
c109bcc8 T panic
c109bd18 T vsprintf
c109c150 T sprintf
c109c178 t falloc
c109c19c t ffree
c109c1a0 t inflate_trees_free
c109c1d4 t huft_build
c109c7bc t inflate_trees_fixed
c109c9b0 t inflate_codes_new
c109ca00 t inflate_codes_free
c109ca20 t inflate_blocks_reset
c109cae8 T inflateEnd
c109cb80 T inflateReset
c109cbe0 T inflateSync
c109cce0 T inflateInit2
c109ce24 T inflateInit
c109ce2c T adler32
c109cfa4 T inflateIncomp
c109d0d0 t inflate_flush
c109d244 T inflate
c109ef50 T interrupt_init
c109ef60 t read_p15_c1
c109ef68 t write_p15_c1
c109ef70 t cp_delay
c109ef9c T cpu_init
c109efa4 t cache_enable
c109efc4 t cache_disable
c109efe4 T icache_enable
c109efec T icache_disable
c109eff4 T icache_status
c109f008 T dcache_enable
c109f010 T dcache_disable
c109f018 T dcache_status
c109f02c T cleanup_before_linux
c109f054 T do_reset
c109f06c T reset_timer
c109f0a8 T set_timer
c109f0b8 T get_tbclk
c109f0c0 t get_timer_raw
c109f134 T udelay
c109f180 T get_timer
c109f1b8 T get_ticks
c109f1cc T timer_init
c109f244 T davinci_eth_set_mac_addr
c109f268 t no_phy_init
c109f270 t no_phy_is_connected
c109f278 t no_phy_get_link_status
c109f290 t no_phy_auto_negotiate
c109f298 T davinci_eth_phy_read
c109f2fc T davinci_eth_phy_write
c109f350 t gen_is_phy_connected
c109f368 t gen_get_link_status
c109f3d4 t gen_init_phy
c109f3fc t davinci_mii_phy_read
c109f424 t davinci_mii_phy_write
c109f450 t gen_auto_negotiate
c109f560 t davinci_eth_ch_teardown
c109f688 t davinci_eth_send_packet
c109f758 t davinci_eth_close
c109f808 t davinci_eth_mdio_enable
c109f850 T davinci_emac_initialize
c109fa3c T eth_mdio_enable
c109fa40 t davinci_eth_open
c109fcd0 t davinci_eth_rcv_packet
c109fe0c t nand_davinci_hwcontrol
c109fe48 t nand_davinci_select_chip
c109fe4c t nand_davinci_4bit_enable_hwecc
c109fe90 t nand_davinci_4bit_readecc
c109fed4 t nand_davinci_4bit_calculate_ecc
c109ff78 t davinci_std_read_page_syndrome
c10a00ac t davinci_std_write_oob_syndrome
c10a0118 t davinci_std_read_oob_syndrome
c10a015c t nand_davinci_dev_ready
c10a016c t nand_davinci_waitfunc
c10a0198 T board_nand_init
c10a02b8 t davinci_std_write_page_syndrome
c10a0424 t nand_davinci_4bit_correct_data
c10a0660 T clk_get
c10a0730 t wait_for_bus
c10a0798 t poll_i2c_irq
c10a07e4 T flush_rx
c10a0814 T i2c_write
c10a09bc T i2c_read
c10a0b98 T i2c_probe
c10a0c68 T i2c_init
c10a0d20 T reset_cpu
c10a0d9c t reset_cpu_loop
c10a0da0 t WDT_TGCR
c10a0da4 t WDT_TIM12
c10a0da8 t WDT_TIM34
c10a0dac t WDT_PRD12
c10a0db0 t WDT_PRD34
c10a0db4 t WDT_TCR
c10a0db8 t WDT_WDTCR
c10a0dbc t WDTCR_VAL1
c10a0dc0 t WDTCR_VAL2
c10a0dc4 T __ashldi3
c10a0de0 T __ashrdi3
c10a0e00 T __divsi3
c10a0f18 t Ldiv0
c10a0f40 T __modsi3
c10a1014 t Ldiv0
c10a1040 T __udivsi3
c10a1058 t Loop1
c10a106c t Lbignum
c10a1080 t Loop3
c10a10c0 t Lgot_result
c10a10c8 t Ldiv0
c10a10d8 T __umodsi3
c10a10ec t Loop1
c10a1100 t Lbignum
c10a1114 t Loop3
c10a117c t Ldiv0
c10a118c T do_bootm_linux
c10a1308 T flush_cache
c10a130c T __div0
c10a1310 t downcase
c10a133c T disk_read
c10a138c t dirdelim
c10a13c0 t compare_sign
c10a13f0 t get_fatent
c10a1550 t slot2str
c10a1620 t mkcksum
c10a1650 t read_bootsectandvi
c10a1744 T file_fat_detectfs
c10a18a4 t get_cluster
c10a194c t get_vfatname
c10a1ae4 t get_name
c10a1ba0 T do_fat_read
c10a24f0 T file_fat_read
c10a2528 T file_fat_ls
c10a2538 T fat_register_device
c10a2624 T print_part
c10a2700 T dev_print
c10a28ec T get_partition_info
c10a2910 T init_part
c10a292c T get_dev
c10a2990 t le32_to_int
c10a29b8 t is_extended
c10a29d8 T test_part_dos
c10a2a2c t get_partition_info_extended
c10a2c60 T get_partition_info_dos
c10a2c80 t print_partition_extended
c10a2e38 T print_part_dos
c10a2e64 t nand_read
c10a2e84 t nand_write
c10a2ea4 t nand_block_isbad
c10a2eb8 t nand_block_bad_scrub
c10a2ec0 t get_len_incl_bad
c10a2f2c T nand_read_skip_bad
c10a3074 T nand_write_skip_bad
c10a31d8 T nand_erase_opts
c10a34d0 T spi_flash_free
c10a34ec T spi_flash_cmd_write
c10a355c T spi_flash_cmd_read
c10a35cc T spi_flash_read_common
c10a3618 T spi_flash_cmd
c10a3684 T spi_flash_probe
c10a370c t to_stmicro_spi_flash
c10a3714 T spi_flash_probe_stmicro
c10a37d4 t stmicro_read_fast
c10a384c t stmicro_wait_ready
c10a3910 t stmicro_write
c10a3a14 T stmicro_erase
c10a3b24 t cpu_is_da830
c10a3b4c T spi_init
c10a3b50 T spi_release_bus
c10a3b60 T spi_xfer
c10a3c4c T spi_write
c10a3d1c T spi_read
c10a3d8c T spi_claim_bus
c10a3e90 T spi_free_slave
c10a3e94 T spi_setup_slave
c10a3ef0 T spi_init_f
c10a3f1c t get_dev_speed
c10a3f40 T submit_int_msg
c10a3f48 T usb_lowlevel_stop
c10a3f64 t config_hub_port
c10a4010 t write_fifo
c10a405c t read_fifo
c10a40a8 T submit_bulk_msg
c10a45a0 t wait_until_ep0_ready
c10a465c t ctrlreq_in_status_phase
c10a46b8 T submit_control_msg
c10a4a0c T musb_start
c10a4a68 T musb_configure_ep
c10a4b60 T usb_lowlevel_init
c10a4cc4 T pusb_writel
c10a4cd0 T pusb_readl
c10a4cdc T musb_writew
c10a4cf4 T musb_writeb
c10a4d08 T musb_readw
c10a4d18 T musb_readb
c10a4d28 T musb_platform_deinit
c10a4d5c T musb_platform_init
c10a4ec8 T __div64_32
c10a4fbc R version_string
c10a4fe8 r C.29.2468
c10a5076 r default_nand_name
c10a507b r __func__.5003
c10a508f r __FUNCTION__.5131
c10a509e r __FUNCTION__.3464
c10a50af r __FUNCTION__.4631
c10a50bd r __FUNCTION__.4102
c10a50cf r C.39.3614
c10a50d1 r nand_ecc_precalc_table
c10a51d4 r serial_ports
c10a51e4 r baudrate_table
c10a51f8 r crc16_tab
c10a53f8 r crc_table
c10a57f8 r border
c10a5844 r inflate_mask
c10a5888 r __FUNCTION__.2633
c10a5892 r __FUNCTION__.2587
c10a589c r block_drvr
c10a58ac r stmicro_spi_flash_table
c10a5900 r C.32.2661
c10ac450 D init_sequence
c10ac480 D NetOurVLAN
c10ac482 D NetBcastAddr
c10ac488 D NetOurNativeVLAN
c10ac48c D TftpRRQTimeoutMSecs
c10ac490 d TftpTimeoutMSecs
c10ac494 d TftpTimeoutCountMax
c10ac498 D TftpRRQTimeoutCountMax
c10ac49c d TftpBlkSize
c10ac4a0 d nfs_offset
c10ac4a4 D nand_curr_device
c10ac4a8 d nand_oob_8
c10ac5f0 d nand_oob_16
c10ac738 d nand_oob_64
c10ac880 d nand_oob_128
c10ac9c8 d bbt_main_descr
c10ac9ec d bbt_mirror_descr
c10aca10 d agand_flashbased
c10aca34 d smallpage_flashbased
c10aca58 d largepage_flashbased
c10aca7c d smallpage_memorybased
c10acaa0 d largepage_memorybased
c10acac4 d bbt_pattern
c10acac8 d mirror_pattern
c10acacc d scan_agand_pattern
c10acad2 d scan_ff_pattern
c10acad4 D nand_flash_ids
c10acf24 D nand_manuf_ids
c10acf74 D load_addr
c10acf78 D cmd_bootm_sub
c10ad020 D boot_os
c10ad06c D op_table
c10ad0d4 d do_echo
c10ad0d8 D dp_last_length
c10ad0dc D desc_and_len_tbl
c10ad10c D reg_0_5_desc_tbl
c10ad13c D reg_0_desc_tbl
c10ad1b4 D reg_1_desc_tbl
c10ad274 D reg_2_desc_tbl
c10ad280 D reg_3_desc_tbl
c10ad2a4 D reg_4_desc_tbl
c10ad334 D reg_5_desc_tbl
c10ad3c4 d usb_stor_curr_dev
c10ad3c8 D stdio_names
c10ad3d4 d av_
c10ad7dc d trim_threshold
c10ad7e0 d mmap_threshold
c10ad7e4 d sbrk_base
c10ad7e8 D default_environment
c10ad8f4 D default_environment_size
c10ad8f8 D env_name_spec
c10ad8fc d blanks.2959
c10ad924 d reserved_list
c10ad9a8 d uimage_os
c10ad9f0 d uimage_arch
c10adae0 d uimage_type
c10adb58 d uimage_comp
c10adb94 d erase_seq
c10adb98 d tab_seq
c10adba4 d hist_cur
c10adba8 D us_direction
c10adbc8 D _ctype
c10adcc8 d fixed_left
c10adccc d cplens
c10add48 d cplext
c10addc4 d cpdist
c10ade3c d cpdext
c10adeb4 D zlib_version
c10adeb8 D z_errmsg
c10aded8 D timer
c10adedc d davinci_eth_mac_addr
c10adee2 d active_phy_addr
c10adee4 D phy
c10adf34 d nand_davinci_bbt_main_descr
c10adf58 d nand_davinci_bbt_mirror_descr
c10adf7c d nand_davinci_4bit_layout
c10ae0c4 d nand_davinci_bbt_pattern
c10ae0c8 d nand_davinci_mirror_pattern
c10ae0cc D sysdiv
c10ae0f0 d cur_part
c10ae0f4 A __u_boot_cmd_start
c10ae0f4 D __u_boot_cmd_autoscr
c10ae110 D __u_boot_cmd_bdinfo
c10ae12c D __u_boot_cmd_go
c10ae148 D __u_boot_cmd_reset
c10ae164 D __u_boot_cmd_bootm
c10ae180 D __u_boot_cmd_boot
c10ae19c D __u_boot_cmd_bootd
c10ae1b8 D __u_boot_cmd_iminfo
c10ae1d4 D __u_boot_cmd_coninfo
c10ae1f0 D __u_boot_cmd_eeprom
c10ae20c D __u_boot_cmd_fatload
c10ae228 D __u_boot_cmd_fatls
c10ae244 D __u_boot_cmd_fatinfo
c10ae260 D __u_boot_cmd_itest
c10ae27c D __u_boot_cmd_loads
c10ae298 D __u_boot_cmd_saves
c10ae2b4 D __u_boot_cmd_loadb
c10ae2d0 D __u_boot_cmd_loady
c10ae2ec D __u_boot_cmd_md
c10ae308 D __u_boot_cmd_mm
c10ae324 D __u_boot_cmd_nm
c10ae340 D __u_boot_cmd_mw
c10ae35c D __u_boot_cmd_cp
c10ae378 D __u_boot_cmd_cmp
c10ae394 D __u_boot_cmd_crc32
c10ae3b0 D __u_boot_cmd_base
c10ae3cc D __u_boot_cmd_loop
c10ae3e8 D __u_boot_cmd_mtest
c10ae404 D __u_boot_cmd_mdc
c10ae420 D __u_boot_cmd_mwc
c10ae43c D __u_boot_cmd_mii
c10ae458 D __u_boot_cmd_sleep
c10ae474 D __u_boot_cmd_nand
c10ae490 D __u_boot_cmd_nboot
c10ae4ac D __u_boot_cmd_bootp
c10ae4c8 D __u_boot_cmd_tftpboot
c10ae4e4 D __u_boot_cmd_rarpboot
c10ae500 D __u_boot_cmd_dhcp
c10ae51c D __u_boot_cmd_nfs
c10ae538 D __u_boot_cmd_ping
c10ae554 D __u_boot_cmd_printenv
c10ae570 D __u_boot_cmd_setenv
c10ae58c D __u_boot_cmd_saveenv
c10ae5a8 D __u_boot_cmd_askenv
c10ae5c4 D __u_boot_cmd_run
c10ae5e0 D __u_boot_cmd_usb
c10ae5fc D __u_boot_cmd_usbboot
c10ae618 D __u_boot_cmd_imxtract
c10ae634 D __u_boot_cmd_version
c10ae650 D __u_boot_cmd_echo
c10ae66c D __u_boot_cmd_test
c10ae688 D __u_boot_cmd_exit
c10ae6a4 D __u_boot_cmd_help
c10ae6c0 D __u_boot_cmd_question_mark
c10ae6dc D __u_boot_cmd_showvar
c10ae6f8 A __bss_start
c10ae6f8 A __u_boot_cmd_end
c10ae6f8 b mem_malloc_brk
c10ae6fc b mem_malloc_start
c10ae700 b mem_malloc_end
c10ae704 B monitor_flash_len
c10ae708 B NetState
c10ae70c b packetHandler
c10ae710 B NetIPID
c10ae714 B NetOurIP
c10ae718 B NetOurEther
c10ae720 B NetPingIP
c10ae724 B NetTxPacket
c10ae728 B NetArpWaitPacketIP
c10ae72c B NetOurSubnetMask
c10ae730 B NetOurGatewayIP
c10ae734 B NetArpWaitReplyIP
c10ae738 B NetRxPkt
c10ae73c B NetRxPktLen
c10ae740 B NetArpWaitPacketMAC
c10ae744 B NetArpWaitTxPacket
c10ae748 B NetArpWaitTxPacketSize
c10ae74c B NetServerIP
c10ae750 B NetServerEther
c10ae756 b mac.3034
c10ae75c B NetEtherNullAddr
c10ae762 b PingSeqNo
c10ae764 B NetArpWaitTry
c10ae768 B NetArpWaitTimerStart
c10ae76c b timeHandler
c10ae770 b timeStart
c10ae774 b timeDelta
c10ae778 b NetRestarted
c10ae77c B NetRestartWrap
c10ae780 b NetDevExists
c10ae784 B PktBuf
c10b05a4 B NetRxPackets
c10b05b4 B NetArpWaitPacketBuf
c10b0bd4 B NetBootFileXferSize
c10b0bd8 B NetOurDNSIP
c10b0bdc B NetOurDNS2IP
c10b0be0 B NetOurNISDomain
c10b0c00 B NetOurHostName
c10b0c20 B NetOurRootPath
c10b0c60 B NetBootFileSize
c10b0c62 B BootFile
c10b0ce4 b TftpState
c10b0ce8 b tftp_filename
c10b0d68 b TftpBlock
c10b0d6c b TftpServerIP
c10b0d70 b TftpServerPort
c10b0d74 b TftpOurPort
c10b0d78 b default_filename
c10b0d88 b TftpTimeoutCount
c10b0d8c b TftpBlockWrap
c10b0d90 b TftpBlockWrapOffset
c10b0d94 b TftpLastBlock
c10b0d98 B dhcp_leasetime
c10b0d9c B NetDHCPServerIP
c10b0da0 B dhcp_state
c10b0da4 B BootpTry
c10b0da8 B BootpID
c10b0dac B RarpTry
c10b0db0 b eth_current
c10b0db4 b eth_devices
c10b0db8 b first_failed.2957
c10b0dbc b rpc_id
c10b0dc0 b NfsSrvMountPort
c10b0dc4 b NfsSrvNfsPort
c10b0dc8 b fs_mounted
c10b0dcc b dirfh
c10b0dec b filefh
c10b0e0c b NfsServerIP
c10b0e10 b NfsOurPort
c10b0e14 b NfsState
c10b0e18 b nfs_path
c10b0e1c b nfs_filename
c10b0e20 b nfs_len
c10b0e24 b NfsDownloadState
c10b0e28 b nfs_path_buff
c10b1628 b default_filename
c10b1668 b NfsTimeoutCount
c10b166c B nand_info
c10b1718 b nand_chip
c10b1828 b images
c10b1954 b relocated
c10b1958 b os_data_state
c10b195c b os_data_addr
c10b1960 b bin_start_address
c10b1964 b k_data_escape
c10b1968 B os_data_init
c10b196c b k_data_escape_saved
c10b1970 b os_data_state_saved
c10b1974 b os_data_addr_saved
c10b1978 B os_data_char
c10b197c B his_quote
c10b1980 B his_pad_count
c10b1984 B his_pad_char
c10b1985 B his_eol
c10b1988 B send_ptr
c10b198c B send_parms
c10b19a0 b a_b
c10b19b8 b base_address
c10b19bc B mm_last_addr
c10b19c0 B mm_last_size
c10b19c4 B dp_last_addr
c10b19c8 B dp_last_size
c10b19cc B last_op
c10b19d0 B last_addr_lo
c10b19d4 B last_addr_hi
c10b19d8 B last_reg_lo
c10b19dc B last_reg_hi
c10b19e0 B last_data
c10b19e4 b tmp_buf.2679
c10b1be4 b tmp_buf
c10b1fe4 b ctrlc_disabled
c10b1fe8 b ctrlc_was_pressed
c10b1fec b devs
c10b2028 B stdio_devices
c10b2034 b top_pad
c10b2038 b n_mmaps_max
c10b203c b current_mallinfo
c10b2064 b max_sbrked_mem
c10b2068 b max_total_mem
c10b206c B env_ptr
c10b2070 b local.2744
c10b2086 b map
c10b2188 b top_vars
c10b218c b flag_repeat
c10b2190 b do_repeat
c10b2194 b the_command.2771
c10b2594 b buf.3235
c10b25bc B last_return_code
c10b25c0 b ifs
c10b25c4 B nesting_level
c10b25c8 b initted.2750
c10b25cc b hist_max
c10b25d0 b hist_add_idx
c10b25d4 B hist_num
c10b25d8 B hist_lines
c10b39d8 B hist_list
c10b3a28 B console_buffer
c10b3e28 b mii_devs
c10b3e30 b current_mii
c10b3e34 b asynch_allowed
c10b3e38 b usb_dev
c10c1738 b usb_hub_index
c10c173c b hub_dev
c10c183c b dev_index
c10c1840 B usb_started
c10c1841 b setup_packet
c10c184c b running
c10c1850 b usb_dev_desc
c10c1a6c b usb_ccb
c10c1afc b usb_stor_buf
c10c1cfc b usb_max_devs
c10c1d00 b usb_stor
c10c1e04 b CBWTag
c10c1e08 b xyz
c10c2244 B ___strtok
c10c2248 b fixed_mem
c10c32d8 b fixed_lock
c10c32dc b fixed_built
c10c32e0 b fixed_bl
c10c32e4 b fixed_tl
c10c32e8 b fixed_bd
c10c32ec b fixed_td
c10c32f0 b lastinc
c10c32f4 b timestamp
c10c32f8 B emac_dbg
c10c32fc b tx_send_loop
c10c3300 b emac_rx_active_head
c10c3304 b emac_rx_buffers
c10c6f04 b emac_rx_active_tail
c10c6f08 b emac_rx_queue_active
c10c6f0c b davinci_ecc_buf
c10c6f8c b params
c10c6f90 b part_offset
c10c6f94 b cur_dev
c10c6f98 B get_vfatname_block
c10d6f98 B do_fat_read_block
c10e6f98 B get_dentfromdir_block
c10f6f98 b data1_reg_val
c10f6f9c b spirombuf
c10f6fa0 b slave
c10f6fa4 b musb_speed
c10f6fa5 A _end
