Archive member included because of file (symbol)

cpu/arm926ejs/da8xx/libda8xx.a(lowlevel_init.o)
                              cpu/arm926ejs/start.o (lowlevel_init)
lib_arm/libarm.a(board.o)     cpu/arm926ejs/start.o (start_armboot)
lib_arm/libarm.a(interrupts.o)
                              lib_arm/libarm.a(board.o) (enable_interrupts)
net/libnet.a(net.o)           lib_arm/libarm.a(board.o) (copy_filename)
net/libnet.a(tftp.o)          net/libnet.a(net.o) (TftpStart)
net/libnet.a(bootp.o)         net/libnet.a(net.o) (BootpRequest)
net/libnet.a(rarp.o)          net/libnet.a(net.o) (RarpRequest)
net/libnet.a(eth.o)           net/libnet.a(net.o) (eth_get_dev)
net/libnet.a(nfs.o)           net/libnet.a(net.o) (NfsStart)
drivers/mtd/nand/libnand.a(nand.o)
                              lib_arm/libarm.a(board.o) (nand_init)
drivers/mtd/nand/libnand.a(nand_base.o)
                              drivers/mtd/nand/libnand.a(nand.o) (nand_scan)
drivers/mtd/nand/libnand.a(nand_bbt.o)
                              drivers/mtd/nand/libnand.a(nand_base.o) (nand_isbad_bbt)
drivers/mtd/nand/libnand.a(nand_ecc.o)
                              drivers/mtd/nand/libnand.a(nand_base.o) (nand_calculate_ecc)
drivers/mtd/nand/libnand.a(nand_ids.o)
                              drivers/mtd/nand/libnand.a(nand_base.o) (nand_flash_ids)
drivers/serial/libserial.a(serial.o)
                              lib_arm/libarm.a(board.o) (serial_init)
drivers/serial/libserial.a(ns16550.o)
                              drivers/serial/libserial.a(serial.o) (NS16550_init)
common/libcommon.a(cmd_autoscript.o)
                              (__u_boot_cmd_autoscr)
common/libcommon.a(cmd_bdinfo.o)
                              (__u_boot_cmd_bdinfo)
common/libcommon.a(cmd_boot.o)
                              (__u_boot_cmd_go)
common/libcommon.a(cmd_bootm.o)
                              lib_arm/libarm.a(board.o) (load_addr)
common/libcommon.a(cmd_console.o)
                              (__u_boot_cmd_coninfo)
common/libcommon.a(cmd_eeprom.o)
                              (__u_boot_cmd_eeprom)
common/libcommon.a(cmd_fat.o)
                              (__u_boot_cmd_fatload)
common/libcommon.a(cmd_itest.o)
                              (__u_boot_cmd_itest)
common/libcommon.a(cmd_load.o)
                              (__u_boot_cmd_loads)
common/libcommon.a(cmd_mem.o)
                              (__u_boot_cmd_md)
common/libcommon.a(cmd_mii.o)
                              (__u_boot_cmd_mii)
common/libcommon.a(cmd_misc.o)
                              (__u_boot_cmd_sleep)
common/libcommon.a(cmd_nand.o)
                              (__u_boot_cmd_nand)
common/libcommon.a(cmd_net.o)
                              (__u_boot_cmd_bootp)
common/libcommon.a(cmd_nvedit.o)
                              lib_arm/libarm.a(board.o) (getenv_r)
common/libcommon.a(cmd_usb.o)
                              (__u_boot_cmd_usb)
common/libcommon.a(cmd_ximg.o)
                              (__u_boot_cmd_imxtract)
common/libcommon.a(command.o)
                              common/libcommon.a(cmd_itest.o) (cmd_get_data_size)
common/libcommon.a(console.o)
                              lib_arm/libarm.a(board.o) (printf)
common/libcommon.a(devices.o)
                              common/libcommon.a(cmd_console.o) (device_get_list)
common/libcommon.a(dlmalloc.o)
                              drivers/mtd/nand/libnand.a(nand_base.o) (free)
common/libcommon.a(env_common.o)
                              common/libcommon.a(cmd_nvedit.o) (env_get_addr)
common/libcommon.a(env_nand.o)
                              common/libcommon.a(env_common.o) (env_get_char_spec)
common/libcommon.a(exports.o)
                              lib_arm/libarm.a(board.o) (jumptable_init)
common/libcommon.a(hush.o)    common/libcommon.a(cmd_autoscript.o) (parse_string_outer)
common/libcommon.a(image.o)   common/libcommon.a(cmd_ximg.o) (image_multi_count)
common/libcommon.a(main.o)    common/libcommon.a(cmd_nvedit.o) (do_run)
common/libcommon.a(miiphyutil.o)
                              net/libnet.a(eth.o) (miiphy_init)
common/libcommon.a(s_record.o)
                              common/libcommon.a(cmd_load.o) (srec_decode)
common/libcommon.a(usb.o)     common/libcommon.a(cmd_usb.o) (usb_get_dev_index)
common/libcommon.a(usb_storage.o)
                              common/libcommon.a(cmd_usb.o) (usb_stor_get_dev)
common/libcommon.a(xyzModem.o)
                              common/libcommon.a(cmd_load.o) (xyzModem_error)
board/da8xx/da8xx-evm/libda8xx-evm.a(da850.o)
                              lib_arm/libarm.a(board.o) (board_init)
board/da8xx/da8xx-evm/libda8xx-evm.a(board_init.o)
                              cpu/arm926ejs/da8xx/libda8xx.a(lowlevel_init.o) (dv_board_init)
lib_generic/libgeneric.a(crc16.o)
                              common/libcommon.a(xyzModem.o) (cyg_crc16)
lib_generic/libgeneric.a(crc32.o)
                              common/libcommon.a(cmd_mem.o) (crc32)
[...]
Memory Configuration

Name             Origin             Length             Attributes
*default*        0x00000000         0xffffffff

Linker script and memory map

                0x00000000                . = 0x0
                0x00000000                . = ALIGN (0x4)

.text           0xc1080000    0x24fbc
 cpu/arm926ejs/start.o(.text)
 .text          0xc1080000      0x380 cpu/arm926ejs/start.o
                0xc1080048                _bss_start
                0xc108004c                _bss_end
                0xc1080044                _armboot_start
                0xc1080000                _start
 *(.text)
 .text          0xc1080380       0x14 cpu/arm926ejs/da8xx/libda8xx.a(lowlevel_init.o)
                0xc1080380                lowlevel_init
 .text          0xc1080394      0x344 lib_arm/libarm.a(board.o)
                0xc10803e0                __yellow_LED_off
                0xc10803d4                green_LED_on
                0xc10803e4                hang
                0xc10803d4                __green_LED_on
                0xc10803dc                __yellow_LED_on
                0xc10803dc                yellow_LED_on
                0xc10803d8                __green_LED_off
                0xc10803d0                __red_LED_off
                0xc10804d8                start_armboot
                0xc10803c8                coloured_LED_init
                0xc10803e0                yellow_LED_off
                0xc10803d0                red_LED_off
                0xc1080394                sbrk
                0xc10803d8                green_LED_off
                0xc10803c8                __coloured_LED_init
                0xc10803cc                red_LED_on
                0xc10803cc                __red_LED_on
 .text          0xc10806d8      0x264 lib_arm/libarm.a(interrupts.o)
                0xc1080864                do_fiq
                0xc1080918                do_undefined_instruction
                0xc10806e4                show_regs
                0xc1080840                do_irq
                0xc1080824                bad_mode
                0xc10808d0                do_prefetch_abort
                0xc10806dc                disable_interrupts
                0xc1080888                do_not_used
                0xc10808ac                do_data_abort
                0xc10808f4                do_software_interrupt
                0xc10806d8                enable_interrupts
 .text          0xc108093c     0x1420 net/libnet.a(net.o)
                0xc1080b24                getenv_IPaddr
                0xc10809e4                NetCksumOk
                0xc10815f8                NetSetTimeout
                0xc1080a08                copy_filename
                0xc1080b34                NetEthHdrSize
                0xc1080bd8                ip_to_string
                0xc1081864                ArpTimeoutCheck
                0xc1080f3c                NetReceive
                0xc1080abc                string_to_ip
                0xc1081628                NetSendUDPPacket
                0xc1080c18                print_IPaddr
                0xc1080d3c                NetSetEther
                0xc10818d8                NetLoop
                0xc1080e50                ArpRequest
                0xc1080b78                VLAN_to_string
                0xc1080aac                getenv_VLAN
                0xc108099c                NetCksum
                0xc1080c3c                NetSetIP
                0xc1080a60                string_to_VLAN
                0xc108177c                NetStartAgain
                0xc108098c                NetSetHandler
                0xc10814bc                PingSend
                0xc1080e4c                NetSendPacket
 .text          0xc1081d5c      0x734 net/libnet.a(tftp.o)
                0xc1081ef0                TftpStart
 .text          0xc1082490      0xa14 net/libnet.a(bootp.o)
                0xc1082ae0                DhcpRequest
                0xc1082924                BootpRequest
 .text          0xc1082ea4      0x1ac net/libnet.a(rarp.o)
                0xc1082ea4                RarpRequest
 .text          0xc1083050      0x6e0 net/libnet.a(eth.o)
                0xc1083168                eth_get_dev_by_name
                0xc10830b4                eth_halt
                0xc10832dc                eth_register
                0xc1083058                eth_get_dev
                0xc1083050                board_eth_init
                0xc108322c                eth_try_another
                0xc10833e4                eth_set_enetaddr
                0xc1083490                eth_initialize
                0xc10831bc                eth_set_current
                0xc108311c                eth_rx
                0xc1083068                eth_get_dev_index
                0xc1083368                eth_init
                0xc1083148                eth_get_name
                0xc10830e8                eth_send
 .text          0xc1083730      0xe9c net/libnet.a(nfs.o)
                0xc1083f28                NfsStart
 .text          0xc10845cc       0x9c drivers/mtd/nand/libnand.a(nand.o)
                0xc10845cc                nand_init
 .text          0xc1084668     0x382c drivers/mtd/nand/libnand.a(nand_base.o)
                0xc10872bc                nand_wait_ready
                0xc1085994                nand_scan_ident
                0xc1086478                nand_scan
                0xc1086ed0                nand_erase_nand
                0xc1085f5c                nand_scan_tail
                0xc108594c                nand_release
 .text          0xc1087e94     0x1790 drivers/mtd/nand/libnand.a(nand_bbt.o)
                0xc1087fa0                nand_isbad_bbt
                0xc1089560                nand_default_bbt
                0xc1088e04                nand_update_bbt
                0xc10890d0                nand_scan_bbt
 .text          0xc1089624      0x224 drivers/mtd/nand/libnand.a(nand_ecc.o)
                0xc108971c                nand_correct_data
                0xc1089624                nand_calculate_ecc
 .text          0xc1089848        0x0 drivers/mtd/nand/libnand.a(nand_ids.o)
 .text          0xc1089848      0x1a8 drivers/serial/libserial.a(serial.o)
                0xc10898a4                _serial_setbrg
                0xc1089934                serial_putc_raw
                0xc10898d0                serial_setbrg
                0xc10898d8                _serial_tstc
                0xc10898ec                serial_tstc
                0xc1089984                serial_putc
                0xc1089990                _serial_puts
                0xc1089918                _serial_putc_raw
                0xc10899c8                serial_init
                0xc10899c0                serial_puts
                0xc10898f4                _serial_getc
                0xc1089910                serial_getc
                0xc1089940                _serial_putc
 .text          0xc10899f0       0xe0 drivers/serial/libserial.a(ns16550.o)
                0xc1089a94                NS16550_putc
                0xc10899f0                NS16550_init
                0xc1089ac4                NS16550_tstc
                0xc1089aac                NS16550_getc
                0xc1089a40                NS16550_reinit
 .text          0xc1089ad0      0x198 common/libcommon.a(cmd_autoscript.o)
                0xc1089c20                do_autoscript
                0xc1089af0                autoscript
 .text          0xc1089c68       0xe4 common/libcommon.a(cmd_bdinfo.o)
                0xc1089c7c                do_bdinfo
 .text          0xc1089d4c       0x9c common/libcommon.a(cmd_boot.o)
                0xc1089d64                do_go
                0xc1089d4c                do_go_exec
 .text          0xc1089de8      0xbbc common/libcommon.a(cmd_bootm.o)
                0xc1089e0c                arch_lmb_reserve
                0xc108a0cc                do_bootd
                0xc1089e0c                __arch_lmb_reserve
                0xc108a790                do_bootm
                0xc108a5c0                do_bootm_subcommand
                0xc1089e08                board_lmb_reserve
                0xc1089e08                __board_lmb_reserve
                0xc108a064                do_iminfo
 .text          0xc108a9a4       0xf0 common/libcommon.a(cmd_console.o)
                0xc108a9a4                do_coninfo
 .text          0xc108aa94      0x21c common/libcommon.a(cmd_eeprom.o)
                0xc108ab98                do_eeprom
                0xc108aab0                eeprom_write
                0xc108ab24                eeprom_read
                0xc108aa94                eeprom_init
 .text          0xc108acb0      0x364 common/libcommon.a(cmd_fat.o)
                0xc108ae90                do_fat_fsload
                0xc108acb0                do_fat_fsinfo
                0xc108ad88                do_fat_ls
 .text          0xc108b014      0x2f0 common/libcommon.a(cmd_itest.o)
                0xc108b07c                binary_test
                0xc108b25c                do_itest
 .text          0xc108b304      0xe7c common/libcommon.a(cmd_load.o)
                0xc108b39c                k_data_init
                0xc108b484                s1_sendpacket
                0xc108b4b0                handle_send_packet
                0xc108bcec                do_save_serial
                0xc108b3dc                k_data_restore
                0xc108b674                send_nack
                0xc108b854                do_load_serial_bin
                0xc108b400                k_data_char
                0xc108b32c                chk1
                0xc108b3bc                k_data_save
                0xc108b304                ktrans
                0xc108b454                send_pad
                0xc108b6d4                send_ack
                0xc108c0a0                do_load_serial
 .text          0xc108c180      0xaa4 common/libcommon.a(cmd_mem.o)
                0xc108c180                do_mem_base
                0xc108c7b4                do_mem_mw
                0xc108c1c4                do_mem_crc
                0xc108ca70                do_mem_nm
                0xc108ca90                do_mem_mm
                0xc108c530                do_mem_cp
                0xc108c304                do_mem_mtest
                0xc108c610                do_mem_cmp
                0xc108c42c                do_mem_loop
                0xc108cab0                do_mem_md
                0xc108cb98                do_mem_mdc
                0xc108c888                do_mem_mwc
 .text          0xc108cc24      0x7e0 common/libcommon.a(cmd_mii.o)
                0xc108cc24                MII_dump_0_to_5
                0xc108cf48                do_mii
 .text          0xc108d404       0x8c common/libcommon.a(cmd_misc.o)
                0xc108d404                do_sleep
 .text          0xc108d490      0xeac common/libcommon.a(cmd_nand.o)
                0xc108d5c8                do_nandboot
                0xc108db24                do_nand
 .text          0xc108e33c      0x3f8 common/libcommon.a(cmd_net.o)
                0xc108e710                do_rarpb
                0xc108e33c                do_ping
                0xc108e71c                do_tftpb
                0xc108e704                do_dhcp
                0xc108e728                do_bootp
                0xc108e6f8                do_nfs
 .text          0xc108e734      0xa50 common/libcommon.a(cmd_nvedit.o)
                0xc108e864                getenv
                0xc108e8cc                _do_setenv
                0xc108edfc                do_askenv
                0xc108e794                getenv_r
                0xc108f014                do_printenv
                0xc108efd0                setenv
                0xc108e838                do_saveenv
                0xc108ef90                do_setenv
                0xc108e734                envmatch
 .text          0xc108f184     0x10d4 common/libcommon.a(cmd_usb.o)
                0xc108fc6c                usb_display_conf_desc
                0xc108f82c                usb_show_tree_graph
                0xc108f184                usb_get_class_desc
                0xc108f230                usb_display_ep_desc
                0xc108fa74                usb_display_desc
                0xc108f2fc                usb_display_class_sub
                0xc108fa40                usb_show_tree
                0xc108fba4                usb_display_string
                0xc108fbe4                usb_display_if_desc
                0xc108fd18                usb_display_config
                0xc108f474                do_usbboot
                0xc108fda8                do_usb
 .text          0xc1090258      0x23c common/libcommon.a(cmd_ximg.o)
                0xc1090258                do_imgextract
 .text          0xc1090494      0xda8 common/libcommon.a(command.o)
                0xc1090640                find_cmd_tbl
                0xc109050c                do_echo
                0xc1090700                cmd_auto_complete
                0xc1090d90                do_exit
                0xc10906d8                find_cmd
                0xc1090494                cmd_get_data_size
                0xc1090dc0                do_test
                0xc1090ba8                install_auto_complete
                0xc1090be8                do_help
                0xc10905ac                var_complete
                0xc109058c                do_version
 .text          0xc109123c      0x570 common/libcommon.a(console.o)
                0xc1091530                console_init_r
                0xc10914e4                printf
                0xc1091404                console_assign
                0xc1091744                getc
                0xc10913dc                search_device
                0xc109149c                puts
                0xc10913c0                dbg
                0xc10916c0                serial_printf
                0xc1091304                ftstc
                0xc1091444                fprintf
                0xc109172c                tstc
                0xc10914b8                vprintf
                0xc109175c                ctrlc
                0xc109170c                putc
                0xc1091384                disable_ctrlc
                0xc10912dc                fgetc
                0xc109139c                had_ctrlc
                0xc109132c                fputc
                0xc10913cc                console_init_f
                0xc10913ac                clear_ctrlc
                0xc1091358                fputs
 .text          0xc10917ac      0x184 common/libcommon.a(devices.o)
                0xc10917ac                device_get_list
                0xc10917b8                device_clone
                0xc10918dc                device_get_by_name
                0xc1091800                device_register
                0xc1091840                devices_init
 .text          0xc1091930     0x1094 common/libcommon.a(dlmalloc.o)
                0xc1091d28                malloc
                0xc1092434                pvalloc
                0xc1092458                calloc
                0xc1091968                malloc_usable_size
                0xc1092538                realloc
                0xc1091a24                malloc_trim
                0xc1091930                malloc_bin_reloc
                0xc10919ac                mallopt
                0xc1092324                memalign
                0xc1091d24                cfree
                0xc109244c                valloc
                0xc1091af0                free
 .text          0xc10929c4      0x270 common/libcommon.a(env_common.o)
                0xc1092a04                env_get_char
                0xc10929e4                env_get_addr
                0xc1092b94                set_default_env
                0xc1092a34                env_complete
                0xc1092bdc                env_relocate
                0xc1092b68                env_crc_update
                0xc10929c4                env_get_char_memory
 .text          0xc1092c34      0x284 common/libcommon.a(env_nand.o)
                0xc1092dd0                env_relocate_spec
                0xc1092e1c                saveenv
                0xc1092c48                env_get_char_spec
                0xc1092c54                env_init
                0xc1092c70                writeenv
                0xc1092d14                readenv
 .text          0xc1092eb8       0xe4 common/libcommon.a(exports.o)
                0xc1092ec4                jumptable_init
                0xc1092ebc                get_version
 .text          0xc1092f9c     0x1df8 common/libcommon.a(hush.o)
                0xc10932a4                new_pipe
                0xc10930dc                mapset
                0xc10944f8                parse_string_outer
                0xc1093e64                update_ifs_map
                0xc1093cb0                set_local_var
                0xc10944b0                parse_file_outer
                0xc1092fb8                simple_itoa
                0xc10935ac                unset_local_var
                0xc1093114                do_showvar
                0xc1093778                reserved_word
                0xc1093200                u_boot_hush_start
 .text          0xc1094d94      0x7a8 common/libcommon.a(image.o)
                0xc109500c                getenv_bootm_size
                0xc10950c4                image_print_contents
                0xc1094edc                genimg_get_comp_id
                0xc1094f24                genimg_get_os_id
                0xc1094e88                genimg_has_config
                0xc1094f0c                genimg_get_arch_id
                0xc1094e3c                genimg_get_arch_name
                0xc10952ec                boot_get_ramdisk
                0xc1095298                image_check_hcrc
                0xc1094e24                genimg_get_os_name
                0xc1094e54                genimg_get_type_name
                0xc1094f60                genimg_get_format
                0xc1094e6c                genimg_get_comp_name
                0xc1095250                image_check_dcrc
                0xc1095040                getenv_bootm_low
                0xc1094e84                genimg_get_image
                0xc1094ef4                genimg_get_type_id
                0xc1094dd4                image_multi_count
                0xc1095008                memmove_wd
                0xc1094f84                image_multi_getimg
                0xc1095074                getenv_yesno
 .text          0xc109553c     0x1174 common/libcommon.a(main.o)
                0xc109553c                __show_boot_progress
                0xc1095640                run_command
                0xc10955cc                do_run
                0xc1095540                parse_line
                0xc109658c                readline
                0xc109553c                show_boot_progress
                0xc1096598                main_loop
                0xc1095c8c                readline_into_buffer
 .text          0xc10966b0      0x57c common/libcommon.a(miiphyutil.o)
                0xc1096918                miiphy_speed
                0xc1096a5c                miiphy_info
                0xc10969ac                miiphy_reset
                0xc1096af0                miiphy_set_current_dev
                0xc10966fc                miiphy_listdev
                0xc10966f4                miiphy_is_1000base_x
                0xc10967f8                miiphy_read
                0xc10966dc                miiphy_get_current_dev
                0xc1096884                miiphy_duplex
                0xc1096768                miiphy_write
                0xc1096b4c                miiphy_register
                0xc10966bc                miiphy_init
 .text          0xc1096c2c      0x2dc common/libcommon.a(s_record.o)
                0xc1096c9c                srec_decode
 .text          0xc1096f08     0x1670 common/libcommon.a(usb.o)
                0xc10979b0                usb_set_idle
                0xc1096f20                usb_maxpacket
                0xc109818c                usb_hub_probe
                0xc109727c                usb_stop
                0xc10984fc                usb_init
                0xc1096f08                usb_disable_asynch
                0xc1097cfc                usb_clear_halt
                0xc10972dc                usb_bulk_msg
                0xc10978c0                usb_get_class_descriptor
                0xc1098498                usb_scan_devices
                0xc10975d4                usb_get_hub_descriptor
                0xc109740c                usb_get_port_status
                0xc1097278                usb_submit_int_msg
                0xc1097124                usb_parse_config
                0xc1097340                usb_control_msg
                0xc1097a14                usb_set_protocol
                0xc1097e88                usb_hub_port_connect_change
                0xc1097ae4                usb_set_interface
                0xc109703c                usb_hub_allocate
                0xc10977c0                usb_string
                0xc1097938                usb_get_report
                0xc1097bf4                usb_get_descriptor
                0xc1097f6c                usb_hub_configure
                0xc1097630                usb_get_string
                0xc10972b8                wait_ms
                0xc1097580                usb_clear_hub_feature
                0xc1097c64                usb_get_configuration_no
                0xc1097520                usb_clear_port_feature
                0xc10974c0                usb_set_port_feature
                0xc10981ec                usb_new_device
                0xc109746c                usb_get_hub_status
                0xc1097a74                usb_set_configuration
                0xc1096f94                usb_set_maxpacket
                0xc1097bb0                usb_set_address
                0xc1097080                usb_alloc_new_device
                0xc1097028                usb_hub_reset
                0xc1096ff8                usb_get_dev_index
 .text          0xc1098578     0x1398 common/libcommon.a(usb_storage.o)
                0xc1098940                usb_storage_probe
                0xc10996b4                usb_stor_CB_transport
                0xc10990fc                usb_stor_CB_comdat
                0xc1098598                usb_stor_get_dev
                0xc1098d8c                usb_stor_read
                0xc10985d4                usb_show_progress
                0xc1098fac                usb_stor_scan
                0xc1099328                usb_stor_BBB_comdat
                0xc10998a0                usb_stor_info
                0xc10986d0                usb_stor_get_info
                0xc1098b6c                usb_stor_BBB_clear_endpt_stall
                0xc10995e4                usb_stor_CBI_get_status
                0xc1099414                usb_stor_BBB_transport
 .text          0xc1099910      0x9e8 common/libcommon.a(xyzModem.o)
                0xc1099a38                xyzModem_error
                0xc1099ad4                xyzModem_stream_close
                0xc1099b2c                CYGACC_COMM_IF_GETC_TIMEOUT
                0xc1099910                parse_num
                0xc1099bb0                xyzModem_stream_terminate
                0xc109a19c                xyzModem_stream_open
                0xc1099b20                CYGACC_COMM_IF_PUTC
                0xc1099f10                xyzModem_stream_read
 .text          0xc109a2f8      0x49c board/da8xx/da8xx-evm/libda8xx-evm.a(da850.o)
                0xc109a5a4                dram_init
                0xc109a5c4                cpu_eth_init
                0xc109a2f8                lpsc_on
                0xc109a3c0                board_init
                0xc109a5d4                misc_init_r
 .text          0xc109a794        0x4 board/da8xx/da8xx-evm/libda8xx-evm.a(board_init.o)
                0xc109a794                dv_board_init
 .text          0xc109a798       0x48 lib_generic/libgeneric.a(crc16.o)
                0xc109a798                cyg_crc16
 .text          0xc109a7e0      0x224 lib_generic/libgeneric.a(crc32.o)
                0xc109a7e0                crc32
                0xc109aa00                crc32_wd
                0xc109a8f4                crc32_no_comp
 .text          0xc109aa04        0x0 lib_generic/libgeneric.a(ctype.o)
 .text          0xc109aa04      0x24c lib_generic/libgeneric.a(display_options.o)
                0xc109aaf0                print_buffer
                0xc109aad0                display_options
                0xc109aa04                print_size
 .text          0xc109ac50      0x170 lib_generic/libgeneric.a(gunzip.o)
                0xc109ac50                gunzip
                0xc109ada8                zfree
                0xc109adb0                zalloc
 .text          0xc109adc0      0x578 lib_generic/libgeneric.a(lmb.o)
                0xc109b124                lmb_overlaps_region
                0xc109b014                lmb_add
                0xc109adc0                lmb_dump_all
                0xc109b018                lmb_free
                0xc109b2fc                lmb_alloc_base
                0xc109b330                lmb_alloc
                0xc109b18c                __lmb_alloc_base
                0xc109ae24                lmb_init
                0xc109b29c                lmb_is_reserved
                0xc109b11c                lmb_reserve
 .text          0xc109b338      0x598 lib_generic/libgeneric.a(string.o)
                0xc109b338                strcpy
                0xc109b7d8                memscan
                0xc109b73c                memmove
                0xc109b718                memcpy
                0xc109b680                strswab
                0xc109b520                strnlen
                0xc109b4e8                strrchr
                0xc109b37c                strcat
                0xc109b86c                memchr
                0xc109b808                strstr
                0xc109b44c                strncmp
                0xc109b354                strncpy
                0xc109b6ec                bcopy
                0xc109b5cc                strtok
                0xc109b798                memcmp
                0xc109b3b0                strncat
                0xc109b89c                strdup
                0xc109b6cc                memset
                0xc109b414                strcmp
                0xc109b64c                strsep
                0xc109b548                strspn
                0xc109b4c8                strlen
                0xc109b49c                strchr
                0xc109b58c                strpbrk
 .text          0xc109b8d0      0x8a8 lib_generic/libgeneric.a(vsprintf.o)
                0xc109bd18                vsprintf
                0xc109b9b0                ustrtoul
                0xc109b988                simple_strtol
                0xc109bcc8                panic
                0xc109c150                sprintf
                0xc109b8d0                simple_strtoul
 .text          0xc109c178     0x2dd8 lib_generic/libgeneric.a(zlib.o)
                0xc109d244                inflate
                0xc109cce0                inflateInit2
                0xc109cfa4                inflateIncomp
                0xc109ce2c                adler32
                0xc109cb80                inflateReset
                0xc109cbe0                inflateSync
                0xc109ce24                inflateInit
                0xc109cae8                inflateEnd
 .text          0xc109ef50       0x10 cpu/arm926ejs/libarm926ejs.a(interrupts.o)
                0xc109ef50                interrupt_init
 .text          0xc109ef60      0x10c cpu/arm926ejs/libarm926ejs.a(cpu.o)
                0xc109f02c                cleanup_before_linux
                0xc109f008                dcache_enable
                0xc109ef9c                cpu_init
                0xc109efe4                icache_enable
                0xc109f054                do_reset
                0xc109efec                icache_disable
                0xc109f018                dcache_status
                0xc109eff4                icache_status
                0xc109f010                dcache_disable
 .text          0xc109f06c      0x1d8 cpu/arm926ejs/da8xx/libda8xx.a(timer.o)
                0xc109f0a8                set_timer
                0xc109f06c                reset_timer
                0xc109f0b8                get_tbclk
                0xc109f180                get_timer
                0xc109f1cc                timer_init
                0xc109f134                udelay
                0xc109f1b8                get_ticks
 .text          0xc109f244      0xbc8 cpu/arm926ejs/da8xx/libda8xx.a(ether.o)
                0xc109f244                davinci_eth_set_mac_addr
                0xc109f850                davinci_emac_initialize
                0xc109f2fc                davinci_eth_phy_write
                0xc109fa3c                eth_mdio_enable
                0xc109f298                davinci_eth_phy_read
 .text          0xc109fe0c      0x854 cpu/arm926ejs/da8xx/libda8xx.a(nand.o)
                0xc10a0198                board_nand_init
 .text          0xc10a0660       0xd0 cpu/arm926ejs/da8xx/libda8xx.a(clock.o)
                0xc10a0660                clk_get
 .text          0xc10a0730      0x5f0 cpu/arm926ejs/da8xx/libda8xx.a(i2c.o)
                0xc10a0814                i2c_write
                0xc10a0b98                i2c_probe
                0xc10a07e4                flush_rx
                0xc10a09bc                i2c_read
                0xc10a0c68                i2c_init
 .text          0xc10a0d20       0xa4 cpu/arm926ejs/da8xx/libda8xx.a(reset.o)
                0xc10a0d20                reset_cpu
 .text          0xc10a0dc4       0x1c lib_arm/libarm.a(_ashldi3.o)
                0xc10a0dc4                __ashldi3
 .text          0xc10a0de0       0x1c lib_arm/libarm.a(_ashrdi3.o)
                0xc10a0de0                __ashrdi3
 *fill*         0xc10a0dfc        0x4 00
 .text          0xc10a0e00      0x140 lib_arm/libarm.a(_divsi3.o)
                0xc10a0e00                __divsi3
 .text          0xc10a0f40      0x100 lib_arm/libarm.a(_modsi3.o)
                0xc10a0f40                __modsi3
 .text          0xc10a1040       0x98 lib_arm/libarm.a(_udivsi3.o)
                0xc10a1040                __udivsi3
 .text          0xc10a10d8       0xb4 lib_arm/libarm.a(_umodsi3.o)
                0xc10a10d8                __umodsi3
 .text          0xc10a118c      0x17c lib_arm/libarm.a(bootm.o)
                0xc10a118c                do_bootm_linux
 .text          0xc10a1308        0x4 lib_arm/libarm.a(cache.o)
                0xc10a1308                flush_cache
 .text          0xc10a130c        0x4 lib_arm/libarm.a(div0.o)
                0xc10a130c                __div0
 .text          0xc10a1310     0x1314 fs/fat/libfat.a(fat.o)
                0xc10a24f0                file_fat_read
                0xc10a1ba0                do_fat_read
                0xc10a2528                file_fat_ls
                0xc10a1744                file_fat_detectfs
                0xc10a133c                disk_read
                0xc10a2538                fat_register_device
 .text          0xc10a2624      0x36c disk/libdisk.a(part.o)
                0xc10a2700                dev_print
                0xc10a2624                print_part
                0xc10a292c                get_dev
                0xc10a28ec                get_partition_info
                0xc10a2910                init_part
 .text          0xc10a2990      0x4d4 disk/libdisk.a(part_dos.o)
                0xc10a2c60                get_partition_info_dos
                0xc10a2e38                print_part_dos
                0xc10a29d8                test_part_dos
 .text          0xc10a2e64      0x66c drivers/mtd/nand/libnand.a(nand_util.o)
                0xc10a3074                nand_write_skip_bad
                0xc10a2f2c                nand_read_skip_bad
                0xc10a31d8                nand_erase_opts
 .text          0xc10a34d0      0x23c drivers/mtd/spi/libspi_flash.a(spi_flash.o)
                0xc10a34ec                spi_flash_cmd_write
                0xc10a355c                spi_flash_cmd_read
                0xc10a3684                spi_flash_probe
                0xc10a35cc                spi_flash_read_common
                0xc10a34d0                spi_flash_free
                0xc10a3618                spi_flash_cmd
 .text          0xc10a370c      0x418 drivers/mtd/spi/libspi_flash.a(stmicro.o)
                0xc10a3a14                stmicro_erase
                0xc10a3714                spi_flash_probe_stmicro
 .text          0xc10a3b24      0x3f8 drivers/spi/libspi.a(davinci_spi.o)
                0xc10a3ef0                spi_init_f
                0xc10a3b50                spi_release_bus
                0xc10a3b60                spi_xfer
                0xc10a3b4c                spi_init
                0xc10a3d1c                spi_read
                0xc10a3d8c                spi_claim_bus
                0xc10a3e94                spi_setup_slave
                0xc10a3c4c                spi_write
                0xc10a3e90                spi_free_slave
 .text          0xc10a3f1c      0xda8 drivers/usb/libusb.a(musbhdrc.o)
                0xc10a4a0c                musb_start
                0xc10a3f48                usb_lowlevel_stop
                0xc10a4a68                musb_configure_ep
                0xc10a3f40                submit_int_msg
                0xc10a40a8                submit_bulk_msg
                0xc10a46b8                submit_control_msg
                0xc10a4b60                usb_lowlevel_init
 .text          0xc10a4cc4      0x204 drivers/usb/libusb.a(da8xx_usb.o)
                0xc10a4cc4                pusb_writel
                0xc10a4d18                musb_readb
                0xc10a4d28                musb_platform_deinit
                0xc10a4cd0                pusb_readl
                0xc10a4d08                musb_readw
                0xc10a4cf4                musb_writeb
                0xc10a4cdc                musb_writew
                0xc10a4d5c                musb_platform_init
 .text          0xc10a4ec8       0xf4 lib_generic/libgeneric.a(div64.o)
                0xc10a4ec8                __div64_32

.glue_7         0xc10a4fbc        0x0
 .glue_7        0x00000000        0x0 linker stubs

.glue_7t        0xc10a4fbc        0x0
 .glue_7t       0x00000000        0x0 linker stubs

.vfp11_veneer   0xc10a4fbc        0x0
 .vfp11_veneer  0x00000000        0x0 linker stubs

.v4_bx          0xc10a4fbc        0x0
 .v4_bx         0x00000000        0x0 linker stubs
                0xc10a4fbc                . = ALIGN (0x4)

.rodata         0xc10a4fbc      0x948
 *(.rodata)
 .rodata        0xc10a4fbc       0x2a lib_arm/libarm.a(board.o)
                0xc10a4fbc                version_string
 *fill*         0xc10a4fe6        0x2 00
 .rodata        0xc10a4fe8       0x80 lib_arm/libarm.a(interrupts.o)
 .rodata        0xc10a5068        0x7 net/libnet.a(net.o)
 .rodata        0xc10a506f        0x7 net/libnet.a(eth.o)
 .rodata        0xc10a5076        0x5 drivers/mtd/nand/libnand.a(nand.o)
 .rodata        0xc10a507b       0x56 drivers/mtd/nand/libnand.a(nand_base.o)
 .rodata        0xc10a50d1      0x100 drivers/mtd/nand/libnand.a(nand_ecc.o)
 *fill*         0xc10a51d1        0x3 00
 .rodata        0xc10a51d4       0x10 drivers/serial/libserial.a(serial.o)
 .rodata        0xc10a51e4       0x14 common/libcommon.a(cmd_nvedit.o)
 .rodata        0xc10a51f8      0x200 lib_generic/libgeneric.a(crc16.o)
 .rodata        0xc10a53f8      0x400 lib_generic/libgeneric.a(crc32.o)
 .rodata        0xc10a57f8       0x90 lib_generic/libgeneric.a(zlib.o)
 .rodata        0xc10a5888       0x13 cpu/arm926ejs/da8xx/libda8xx.a(i2c.o)
 *fill*         0xc10a589b        0x1 00
 .rodata        0xc10a589c       0x10 disk/libdisk.a(part.o)
 .rodata        0xc10a58ac       0x58 drivers/mtd/spi/libspi_flash.a(stmicro.o)

.rodata.str1.1  0xc10a5904     0x6b4b
 .rodata.str1.1
                0xc10a5904       0x82 lib_arm/libarm.a(board.o)
                                 0x84 (size before relaxing)
 .rodata.str1.1
                0xc10a5986      0x264 lib_arm/libarm.a(interrupts.o)
                                0x27b (size before relaxing)
 .rodata.str1.1
                0xc10a5bea      0x206 net/libnet.a(net.o)
                                0x20e (size before relaxing)
 .rodata.str1.1
                0xc10a5df0      0x191 net/libnet.a(tftp.o)
                                0x1dd (size before relaxing)
 .rodata.str1.1
                0xc10a5f81      0x111 net/libnet.a(bootp.o)
                                0x141 (size before relaxing)
 .rodata.str1.1
                0xc10a6092       0x13 net/libnet.a(rarp.o)
                                 0x47 (size before relaxing)
 .rodata.str1.1
                0xc10a60a5       0xd2 net/libnet.a(eth.o)
                                 0xf7 (size before relaxing)
 .rodata.str1.1
                0xc10a6177       0xed net/libnet.a(nfs.o)
                                0x17d (size before relaxing)
 .rodata.str1.1
                0xc10a6264        0x8 drivers/mtd/nand/libnand.a(nand.o)
 .rodata.str1.1
                0xc10a626c      0x2fb drivers/mtd/nand/libnand.a(nand_base.o)
 .rodata.str1.1
                0xc10a6567      0x300 drivers/mtd/nand/libnand.a(nand_bbt.o)
 .rodata.str1.1
                0xc10a6867      0x31f drivers/mtd/nand/libnand.a(nand_ids.o)
                                0x335 (size before relaxing)
 .rodata.str1.1
                0xc10a6b86      0x10f common/libcommon.a(cmd_autoscript.o)
 .rodata.str1.1
                0xc10a6c95       0xb2 common/libcommon.a(cmd_bdinfo.o)
 .rodata.str1.1
                0xc10a6d47      0x111 common/libcommon.a(cmd_boot.o)
 .rodata.str1.1
                0xc10a6e58      0x7da common/libcommon.a(cmd_bootm.o)
                                0x830 (size before relaxing)
 .rodata.str1.1
                0xc10a7632       0x67 common/libcommon.a(cmd_console.o)
                                 0x6c (size before relaxing)
 .rodata.str1.1
                0xc10a7699       0xcd common/libcommon.a(cmd_eeprom.o)
                                 0xde (size before relaxing)
 .rodata.str1.1
                0xc10a7766      0x3ba common/libcommon.a(cmd_fat.o)
                                0x3c9 (size before relaxing)
 .rodata.str1.1
                0xc10a7b20       0xbd common/libcommon.a(cmd_itest.o)
                                 0xca (size before relaxing)
 .rodata.str1.1
                0xc10a7bdd      0x4a0 common/libcommon.a(cmd_load.o)
                                0x4ba (size before relaxing)
 .rodata.str1.1
                0xc10a807d      0x6b8 common/libcommon.a(cmd_mem.o)
                                0x6d8 (size before relaxing)
 .rodata.str1.1
                0xc10a8735      0x75e common/libcommon.a(cmd_mii.o)
                                0x78a (size before relaxing)
 .rodata.str1.1
                0xc10a8e93       0x6b common/libcommon.a(cmd_misc.o)
                                 0x76 (size before relaxing)
 .rodata.str1.1
                0xc10a8efe      0x7d3 common/libcommon.a(cmd_nand.o)
                                0x809 (size before relaxing)
 .rodata.str1.1
                0xc10a96d1      0x220 common/libcommon.a(cmd_net.o)
                                0x26d (size before relaxing)
 .rodata.str1.1
                0xc10a98f1      0x4f5 common/libcommon.a(cmd_nvedit.o)
                                0x561 (size before relaxing)
 .rodata.str1.1
                0xc10a9de6      0x79d common/libcommon.a(cmd_usb.o)
                                0x8e5 (size before relaxing)
 .rodata.str1.1
                0xc10aa583      0x11a common/libcommon.a(cmd_ximg.o)
                                0x1a8 (size before relaxing)
 .rodata.str1.1
                0xc10aa69d      0x2f6 common/libcommon.a(command.o)
                                0x34a (size before relaxing)
 .rodata.str1.1
                0xc10aa993       0x70 common/libcommon.a(console.o)
                                 0x74 (size before relaxing)
 .rodata.str1.1
                0xc10aaa03        0x7 common/libcommon.a(devices.o)
                                 0x1b (size before relaxing)
 .rodata.str1.1
                0xc10aaa0a       0x33 common/libcommon.a(env_common.o)
                                 0x37 (size before relaxing)
 .rodata.str1.1
                0xc10aaa3d       0x6e common/libcommon.a(env_nand.o)
                                 0x74 (size before relaxing)
 .rodata.str1.1
                0xc10aaaab      0x233 common/libcommon.a(hush.o)
                                0x288 (size before relaxing)
 .rodata.str1.1
                0xc10aacde      0x403 common/libcommon.a(image.o)
                                0x485 (size before relaxing)
 .rodata.str1.1
                0xc10ab0e1       0x91 common/libcommon.a(main.o)
                                0x100 (size before relaxing)
 .rodata.str1.1
                0xc10ab172      0x13b common/libcommon.a(miiphyutil.o)
                                0x13d (size before relaxing)
 .rodata.str1.1
                0xc10ab2ad      0x276 common/libcommon.a(usb.o)
 .rodata.str1.1
                0xc10ab523      0x1ed common/libcommon.a(usb_storage.o)
                                0x1ff (size before relaxing)
 .rodata.str1.1
                0xc10ab710       0xe3 common/libcommon.a(xyzModem.o)
                                 0xe5 (size before relaxing)
 .rodata.str1.1
                0xc10ab7f3       0xc0 board/da8xx/da8xx-evm/libda8xx-evm.a(da850.o)
                                 0xcb (size before relaxing)
 .rodata.str1.1
                0xc10ab8b3       0x11 lib_generic/libgeneric.a(display_options.o)
                                 0x36 (size before relaxing)
 .rodata.str1.1
                0xc10ab8c4       0x7f lib_generic/libgeneric.a(gunzip.o)
 .rodata.str1.1
                0xc10ab943       0x34 lib_generic/libgeneric.a(lmb.o)
 .rodata.str1.1
                0xc10ab977       0x51 lib_generic/libgeneric.a(vsprintf.o)
 .rodata.str1.1
                0xc10ab9c8      0x1f3 lib_generic/libgeneric.a(zlib.o)
                                0x1f4 (size before relaxing)
 .rodata.str1.1
                0xc10abbbb      0x1b2 cpu/arm926ejs/da8xx/libda8xx.a(ether.o)
 .rodata.str1.1
                0xc10abd6d       0x36 cpu/arm926ejs/da8xx/libda8xx.a(i2c.o)
 .rodata.str1.1
                0xc10abda3       0x42 lib_arm/libarm.a(bootm.o)
                                 0x4b (size before relaxing)
 .rodata.str1.1
                0xc10abde5      0x15f fs/fat/libfat.a(fat.o)
                                0x16d (size before relaxing)
 .rodata.str1.1
                0xc10abf44      0x1af disk/libdisk.a(part.o)
                                0x1d1 (size before relaxing)
 .rodata.str1.1
                0xc10ac0f3       0xea disk/libdisk.a(part_dos.o)
                                 0xf6 (size before relaxing)
 .rodata.str1.1
                0xc10ac1dd      0x240 drivers/mtd/nand/libnand.a(nand_util.o)
                                0x242 (size before relaxing)
 .rodata.str1.1
                0xc10ac41d       0x32 drivers/mtd/spi/libspi_flash.a(stmicro.o)
                0xc10ac450                . = ALIGN (0x4)

.data           0xc10ac450     0x1ca4
 *(.data)
 .data          0xc10ac450        0x0 cpu/arm926ejs/start.o
 .data          0xc10ac450        0x0 cpu/arm926ejs/da8xx/libda8xx.a(lowlevel_init.o)
 .data          0xc10ac450       0x30 lib_arm/libarm.a(board.o)
                0xc10ac450                init_sequence
 .data          0xc10ac480        0x0 lib_arm/libarm.a(interrupts.o)
 .data          0xc10ac480        0xa net/libnet.a(net.o)
                0xc10ac482                NetBcastAddr
                0xc10ac488                NetOurNativeVLAN
                0xc10ac480                NetOurVLAN
 *fill*         0xc10ac48a        0x2 00
 .data          0xc10ac48c       0x14 net/libnet.a(tftp.o)
                0xc10ac48c                TftpRRQTimeoutMSecs
                0xc10ac498                TftpRRQTimeoutCountMax
 .data          0xc10ac4a0        0x0 net/libnet.a(bootp.o)
 .data          0xc10ac4a0        0x0 net/libnet.a(rarp.o)
 .data          0xc10ac4a0        0x0 net/libnet.a(eth.o)
 .data          0xc10ac4a0        0x4 net/libnet.a(nfs.o)
 .data          0xc10ac4a4        0x4 drivers/mtd/nand/libnand.a(nand.o)
                0xc10ac4a4                nand_curr_device
 .data          0xc10ac4a8      0x520 drivers/mtd/nand/libnand.a(nand_base.o)
 .data          0xc10ac9c8      0x10c drivers/mtd/nand/libnand.a(nand_bbt.o)
 .data          0xc10acad4        0x0 drivers/mtd/nand/libnand.a(nand_ecc.o)
 .data          0xc10acad4      0x4a0 drivers/mtd/nand/libnand.a(nand_ids.o)
                0xc10acf24                nand_manuf_ids
                0xc10acad4                nand_flash_ids
 .data          0xc10acf74        0x0 drivers/serial/libserial.a(serial.o)
 .data          0xc10acf74        0x0 drivers/serial/libserial.a(ns16550.o)
 .data          0xc10acf74        0x0 common/libcommon.a(cmd_autoscript.o)
 .data          0xc10acf74        0x0 common/libcommon.a(cmd_bdinfo.o)
 .data          0xc10acf74        0x0 common/libcommon.a(cmd_boot.o)
 .data          0xc10acf74       0xf8 common/libcommon.a(cmd_bootm.o)
                0xc10acf74                load_addr
                0xc10acf78                cmd_bootm_sub
                0xc10ad020                boot_os
 .data          0xc10ad06c        0x0 common/libcommon.a(cmd_console.o)
 .data          0xc10ad06c        0x0 common/libcommon.a(cmd_eeprom.o)
 .data          0xc10ad06c        0x0 common/libcommon.a(cmd_fat.o)
 .data          0xc10ad06c       0x68 common/libcommon.a(cmd_itest.o)
                0xc10ad06c                op_table
 .data          0xc10ad0d4        0x4 common/libcommon.a(cmd_load.o)
 .data          0xc10ad0d8        0x4 common/libcommon.a(cmd_mem.o)
                0xc10ad0d8                dp_last_length
 .data          0xc10ad0dc      0x2e8 common/libcommon.a(cmd_mii.o)
                0xc10ad280                reg_3_desc_tbl
                0xc10ad13c                reg_0_desc_tbl
                0xc10ad2a4                reg_4_desc_tbl
                0xc10ad0dc                desc_and_len_tbl
                0xc10ad10c                reg_0_5_desc_tbl
                0xc10ad334                reg_5_desc_tbl
                0xc10ad1b4                reg_1_desc_tbl
                0xc10ad274                reg_2_desc_tbl
 .data          0xc10ad3c4        0x0 common/libcommon.a(cmd_misc.o)
 .data          0xc10ad3c4        0x0 common/libcommon.a(cmd_nand.o)
 .data          0xc10ad3c4        0x0 common/libcommon.a(cmd_net.o)
 .data          0xc10ad3c4        0x0 common/libcommon.a(cmd_nvedit.o)
 .data          0xc10ad3c4        0x4 common/libcommon.a(cmd_usb.o)
 .data          0xc10ad3c8        0x0 common/libcommon.a(cmd_ximg.o)
 .data          0xc10ad3c8        0x0 common/libcommon.a(command.o)
 .data          0xc10ad3c8        0x0 common/libcommon.a(console.o)
 .data          0xc10ad3c8        0xc common/libcommon.a(devices.o)
                0xc10ad3c8                stdio_names
 .data          0xc10ad3d4      0x414 common/libcommon.a(dlmalloc.o)
 .data          0xc10ad7e8      0x110 common/libcommon.a(env_common.o)
                0xc10ad7e8                default_environment
                0xc10ad8f4                default_environment_size
 .data          0xc10ad8f8        0x4 common/libcommon.a(env_nand.o)
                0xc10ad8f8                env_name_spec
 .data          0xc10ad8fc        0x0 common/libcommon.a(exports.o)
 .data          0xc10ad8fc       0xac common/libcommon.a(hush.o)
 .data          0xc10ad9a8      0x1ec common/libcommon.a(image.o)
 .data          0xc10adb94       0x14 common/libcommon.a(main.o)
 .data          0xc10adba8        0x0 common/libcommon.a(miiphyutil.o)
 .data          0xc10adba8        0x0 common/libcommon.a(s_record.o)
 .data          0xc10adba8        0x0 common/libcommon.a(usb.o)
 .data          0xc10adba8       0x20 common/libcommon.a(usb_storage.o)
                0xc10adba8                us_direction
 .data          0xc10adbc8        0x0 common/libcommon.a(xyzModem.o)
 .data          0xc10adbc8        0x0 board/da8xx/da8xx-evm/libda8xx-evm.a(da850.o)
 .data          0xc10adbc8        0x0 board/da8xx/da8xx-evm/libda8xx-evm.a(board_init.o)
 .data          0xc10adbc8        0x0 lib_generic/libgeneric.a(crc16.o)
 .data          0xc10adbc8        0x0 lib_generic/libgeneric.a(crc32.o)
 .data          0xc10adbc8      0x100 lib_generic/libgeneric.a(ctype.o)
                0xc10adbc8                _ctype
 .data          0xc10adcc8        0x0 lib_generic/libgeneric.a(display_options.o)
 .data          0xc10adcc8        0x0 lib_generic/libgeneric.a(gunzip.o)
 .data          0xc10adcc8        0x0 lib_generic/libgeneric.a(lmb.o)
 .data          0xc10adcc8        0x0 lib_generic/libgeneric.a(string.o)
 .data          0xc10adcc8        0x0 lib_generic/libgeneric.a(vsprintf.o)
 .data          0xc10adcc8      0x210 lib_generic/libgeneric.a(zlib.o)
                0xc10adeb4                zlib_version
                0xc10adeb8                z_errmsg
 .data          0xc10aded8        0x0 cpu/arm926ejs/libarm926ejs.a(interrupts.o)
 .data          0xc10aded8        0x0 cpu/arm926ejs/libarm926ejs.a(cpu.o)
 .data          0xc10aded8        0x4 cpu/arm926ejs/da8xx/libda8xx.a(timer.o)
                0xc10aded8                timer
 .data          0xc10adedc       0x58 cpu/arm926ejs/da8xx/libda8xx.a(ether.o)
                0xc10adee4                phy
 .data          0xc10adf34      0x198 cpu/arm926ejs/da8xx/libda8xx.a(nand.o)
 .data          0xc10ae0cc       0x24 cpu/arm926ejs/da8xx/libda8xx.a(clock.o)
                0xc10ae0cc                sysdiv
 .data          0xc10ae0f0        0x0 cpu/arm926ejs/da8xx/libda8xx.a(i2c.o)
 .data          0xc10ae0f0        0x0 cpu/arm926ejs/da8xx/libda8xx.a(reset.o)
 .data          0xc10ae0f0        0x0 lib_arm/libarm.a(_ashldi3.o)
 .data          0xc10ae0f0        0x0 lib_arm/libarm.a(_ashrdi3.o)
 .data          0xc10ae0f0        0x0 lib_arm/libarm.a(_divsi3.o)
 .data          0xc10ae0f0        0x0 lib_arm/libarm.a(_modsi3.o)
 .data          0xc10ae0f0        0x0 lib_arm/libarm.a(_udivsi3.o)
 .data          0xc10ae0f0        0x0 lib_arm/libarm.a(_umodsi3.o)
 .data          0xc10ae0f0        0x0 lib_arm/libarm.a(bootm.o)
 .data          0xc10ae0f0        0x0 lib_arm/libarm.a(cache.o)
 .data          0xc10ae0f0        0x0 lib_arm/libarm.a(div0.o)
 .data          0xc10ae0f0        0x4 fs/fat/libfat.a(fat.o)
 .data          0xc10ae0f4        0x0 disk/libdisk.a(part.o)
 .data          0xc10ae0f4        0x0 disk/libdisk.a(part_dos.o)
 .data          0xc10ae0f4        0x0 drivers/mtd/nand/libnand.a(nand_util.o)
 .data          0xc10ae0f4        0x0 drivers/mtd/spi/libspi_flash.a(spi_flash.o)
 .data          0xc10ae0f4        0x0 drivers/mtd/spi/libspi_flash.a(stmicro.o)
 .data          0xc10ae0f4        0x0 drivers/spi/libspi.a(davinci_spi.o)
 .data          0xc10ae0f4        0x0 drivers/usb/libusb.a(musbhdrc.o)
 .data          0xc10ae0f4        0x0 drivers/usb/libusb.a(da8xx_usb.o)
 .data          0xc10ae0f4        0x0 lib_generic/libgeneric.a(div64.o)
                0xc10ae0f4                . = ALIGN (0x4)

.got
 *(.got)
                0xc10ae0f4                . = .
                0xc10ae0f4                __u_boot_cmd_start = .

.u_boot_cmd     0xc10ae0f4      0x604
 *(.u_boot_cmd)
 .u_boot_cmd    0xc10ae0f4       0x1c common/libcommon.a(cmd_autoscript.o)
                0xc10ae0f4                __u_boot_cmd_autoscr
 .u_boot_cmd    0xc10ae110       0x1c common/libcommon.a(cmd_bdinfo.o)
                0xc10ae110                __u_boot_cmd_bdinfo
 .u_boot_cmd    0xc10ae12c       0x38 common/libcommon.a(cmd_boot.o)
                0xc10ae148                __u_boot_cmd_reset
                0xc10ae12c                __u_boot_cmd_go
 .u_boot_cmd    0xc10ae164       0x70 common/libcommon.a(cmd_bootm.o)
                0xc10ae164                __u_boot_cmd_bootm
                0xc10ae1b8                __u_boot_cmd_iminfo
                0xc10ae19c                __u_boot_cmd_bootd
                0xc10ae180                __u_boot_cmd_boot
 .u_boot_cmd    0xc10ae1d4       0x1c common/libcommon.a(cmd_console.o)
                0xc10ae1d4                __u_boot_cmd_coninfo
 .u_boot_cmd    0xc10ae1f0       0x1c common/libcommon.a(cmd_eeprom.o)
                0xc10ae1f0                __u_boot_cmd_eeprom
 .u_boot_cmd    0xc10ae20c       0x54 common/libcommon.a(cmd_fat.o)
                0xc10ae244                __u_boot_cmd_fatinfo
                0xc10ae20c                __u_boot_cmd_fatload
                0xc10ae228                __u_boot_cmd_fatls
 .u_boot_cmd    0xc10ae260       0x1c common/libcommon.a(cmd_itest.o)
                0xc10ae260                __u_boot_cmd_itest
 .u_boot_cmd    0xc10ae27c       0x70 common/libcommon.a(cmd_load.o)
                0xc10ae2d0                __u_boot_cmd_loady
                0xc10ae298                __u_boot_cmd_saves
                0xc10ae2b4                __u_boot_cmd_loadb
                0xc10ae27c                __u_boot_cmd_loads
 .u_boot_cmd    0xc10ae2ec      0x150 common/libcommon.a(cmd_mem.o)
                0xc10ae2ec                __u_boot_cmd_md
                0xc10ae378                __u_boot_cmd_cmp
                0xc10ae340                __u_boot_cmd_mw
                0xc10ae3cc                __u_boot_cmd_loop
                0xc10ae3b0                __u_boot_cmd_base
                0xc10ae308                __u_boot_cmd_mm
                0xc10ae404                __u_boot_cmd_mdc
                0xc10ae394                __u_boot_cmd_crc32
                0xc10ae420                __u_boot_cmd_mwc
                0xc10ae324                __u_boot_cmd_nm
                0xc10ae3e8                __u_boot_cmd_mtest
                0xc10ae35c                __u_boot_cmd_cp
 .u_boot_cmd    0xc10ae43c       0x1c common/libcommon.a(cmd_mii.o)
                0xc10ae43c                __u_boot_cmd_mii
 .u_boot_cmd    0xc10ae458       0x1c common/libcommon.a(cmd_misc.o)
                0xc10ae458                __u_boot_cmd_sleep
 .u_boot_cmd    0xc10ae474       0x38 common/libcommon.a(cmd_nand.o)
                0xc10ae474                __u_boot_cmd_nand
                0xc10ae490                __u_boot_cmd_nboot
 .u_boot_cmd    0xc10ae4ac       0xa8 common/libcommon.a(cmd_net.o)
                0xc10ae51c                __u_boot_cmd_nfs
                0xc10ae538                __u_boot_cmd_ping
                0xc10ae4e4                __u_boot_cmd_rarpboot
                0xc10ae4c8                __u_boot_cmd_tftpboot
                0xc10ae4ac                __u_boot_cmd_bootp
                0xc10ae500                __u_boot_cmd_dhcp
 .u_boot_cmd    0xc10ae554       0x8c common/libcommon.a(cmd_nvedit.o)
                0xc10ae5c4                __u_boot_cmd_run
                0xc10ae58c                __u_boot_cmd_saveenv
                0xc10ae5a8                __u_boot_cmd_askenv
                0xc10ae554                __u_boot_cmd_printenv
                0xc10ae570                __u_boot_cmd_setenv
 .u_boot_cmd    0xc10ae5e0       0x38 common/libcommon.a(cmd_usb.o)
                0xc10ae5e0                __u_boot_cmd_usb
                0xc10ae5fc                __u_boot_cmd_usbboot
 .u_boot_cmd    0xc10ae618       0x1c common/libcommon.a(cmd_ximg.o)
                0xc10ae618                __u_boot_cmd_imxtract
 .u_boot_cmd    0xc10ae634       0xa8 common/libcommon.a(command.o)
                0xc10ae688                __u_boot_cmd_exit
                0xc10ae650                __u_boot_cmd_echo
                0xc10ae6c0                __u_boot_cmd_question_mark
                0xc10ae634                __u_boot_cmd_version
                0xc10ae6a4                __u_boot_cmd_help
                0xc10ae66c                __u_boot_cmd_test
 .u_boot_cmd    0xc10ae6dc       0x1c common/libcommon.a(hush.o)
                0xc10ae6dc                __u_boot_cmd_showvar
                0xc10ae6f8                __u_boot_cmd_end = .
                0xc10ae6f8                . = ALIGN (0x4)
                0xc10ae6f8                __bss_start = .

.bss            0xc10ae6f8    0x488ad
 *(.bss)
 .bss           0xc10ae6f8        0x0 cpu/arm926ejs/start.o
 .bss           0xc10ae6f8        0x0 cpu/arm926ejs/da8xx/libda8xx.a(lowlevel_init.o)
 .bss           0xc10ae6f8       0x10 lib_arm/libarm.a(board.o)
                0xc10ae704                monitor_flash_len
 .bss           0xc10ae708        0x0 lib_arm/libarm.a(interrupts.o)
 .bss           0xc10ae708     0x25dc net/libnet.a(net.o)
                0xc10ae764                NetArpWaitTry
                0xc10ae740                NetArpWaitPacketMAC
                0xc10ae718                NetOurEther
                0xc10ae714                NetOurIP
                0xc10ae720                NetPingIP
                0xc10ae74c                NetServerIP
                0xc10ae748                NetArpWaitTxPacketSize
                0xc10ae734                NetArpWaitReplyIP
                0xc10ae744                NetArpWaitTxPacket
                0xc10b05a4                NetRxPackets
                0xc10b0be0                NetOurNISDomain
                0xc10ae728                NetArpWaitPacketIP
                0xc10ae708                NetState
                0xc10b0c62                BootFile
                0xc10ae750                NetServerEther
                0xc10ae72c                NetOurSubnetMask
                0xc10b0c60                NetBootFileSize
                0xc10ae710                NetIPID
                0xc10b0c00                NetOurHostName
                0xc10ae738                NetRxPkt
                0xc10b0bdc                NetOurDNS2IP
                0xc10ae730                NetOurGatewayIP
                0xc10ae75c                NetEtherNullAddr
                0xc10ae77c                NetRestartWrap
                0xc10b05b4                NetArpWaitPacketBuf
                0xc10ae73c                NetRxPktLen
                0xc10ae724                NetTxPacket
                0xc10b0bd4                NetBootFileXferSize
                0xc10b0bd8                NetOurDNSIP
                0xc10ae784                PktBuf
                0xc10b0c20                NetOurRootPath
                0xc10ae768                NetArpWaitTimerStart
 .bss           0xc10b0ce4       0xb4 net/libnet.a(tftp.o)
 .bss           0xc10b0d98       0x14 net/libnet.a(bootp.o)
                0xc10b0d9c                NetDHCPServerIP
                0xc10b0da0                dhcp_state
                0xc10b0da4                BootpTry
                0xc10b0da8                BootpID
                0xc10b0d98                dhcp_leasetime
 .bss           0xc10b0dac        0x4 net/libnet.a(rarp.o)
                0xc10b0dac                RarpTry
 .bss           0xc10b0db0        0xc net/libnet.a(eth.o)
 .bss           0xc10b0dbc      0x8b0 net/libnet.a(nfs.o)
 .bss           0xc10b166c      0x1bc drivers/mtd/nand/libnand.a(nand.o)
                0xc10b166c                nand_info
 .bss           0xc10b1828        0x0 drivers/mtd/nand/libnand.a(nand_base.o)
 .bss           0xc10b1828        0x0 drivers/mtd/nand/libnand.a(nand_bbt.o)
 .bss           0xc10b1828        0x0 drivers/mtd/nand/libnand.a(nand_ecc.o)
 .bss           0xc10b1828        0x0 drivers/mtd/nand/libnand.a(nand_ids.o)
 .bss           0xc10b1828        0x0 drivers/serial/libserial.a(serial.o)
 .bss           0xc10b1828        0x0 drivers/serial/libserial.a(ns16550.o)
 .bss           0xc10b1828        0x0 common/libcommon.a(cmd_autoscript.o)
 .bss           0xc10b1828        0x0 common/libcommon.a(cmd_bdinfo.o)
 .bss           0xc10b1828        0x0 common/libcommon.a(cmd_boot.o)
 .bss           0xc10b1828      0x130 common/libcommon.a(cmd_bootm.o)
 .bss           0xc10b1958        0x0 common/libcommon.a(cmd_console.o)
 .bss           0xc10b1958        0x0 common/libcommon.a(cmd_eeprom.o)
 .bss           0xc10b1958        0x0 common/libcommon.a(cmd_fat.o)
 .bss           0xc10b1958        0x0 common/libcommon.a(cmd_itest.o)
 .bss           0xc10b1958       0x60 common/libcommon.a(cmd_load.o)
                0xc10b1984                his_pad_char
                0xc10b1968                os_data_init
                0xc10b1988                send_ptr
                0xc10b1978                os_data_char
                0xc10b1985                his_eol
                0xc10b197c                his_quote
                0xc10b198c                send_parms
                0xc10b1980                his_pad_count
 .bss           0xc10b19b8       0x14 common/libcommon.a(cmd_mem.o)
                0xc10b19c8                dp_last_size
                0xc10b19c4                dp_last_addr
                0xc10b19c0                mm_last_size
                0xc10b19bc                mm_last_addr
 .bss           0xc10b19cc       0x18 common/libcommon.a(cmd_mii.o)
                0xc10b19dc                last_reg_hi
                0xc10b19e0                last_data
                0xc10b19d4                last_addr_hi
                0xc10b19d8                last_reg_lo
                0xc10b19cc                last_op
                0xc10b19d0                last_addr_lo
 .bss           0xc10b19e4        0x0 common/libcommon.a(cmd_misc.o)
 .bss           0xc10b19e4        0x0 common/libcommon.a(cmd_nand.o)
 .bss           0xc10b19e4        0x0 common/libcommon.a(cmd_net.o)
 .bss           0xc10b19e4        0x0 common/libcommon.a(cmd_nvedit.o)
 .bss           0xc10b19e4        0x0 common/libcommon.a(cmd_usb.o)
 .bss           0xc10b19e4        0x0 common/libcommon.a(cmd_ximg.o)
 .bss           0xc10b19e4      0x600 common/libcommon.a(command.o)
 .bss           0xc10b1fe4        0x8 common/libcommon.a(console.o)
 .bss           0xc10b1fec       0x48 common/libcommon.a(devices.o)
                0xc10b2028                stdio_devices
 .bss           0xc10b2034       0x38 common/libcommon.a(dlmalloc.o)
 .bss           0xc10b206c        0x0 common/libcommon.a(env_common.o)
 .bss           0xc10b206c        0x4 common/libcommon.a(env_nand.o)
                0xc10b206c                env_ptr
 .bss           0xc10b2070        0x0 common/libcommon.a(exports.o)
 .bss           0xc10b2070      0x558 common/libcommon.a(hush.o)
                0xc10b25c4                nesting_level
                0xc10b25bc                last_return_code
 .bss           0xc10b25c8        0x0 common/libcommon.a(image.o)
 .bss           0xc10b25c8     0x1860 common/libcommon.a(main.o)
                0xc10b3a28                console_buffer
                0xc10b39d8                hist_list
                0xc10b25d8                hist_lines
                0xc10b25d4                hist_num
 .bss           0xc10b3e28        0xc common/libcommon.a(miiphyutil.o)
 .bss           0xc10b3e34        0x0 common/libcommon.a(s_record.o)
 .bss           0xc10b3e34     0xda1c common/libcommon.a(usb.o)
                0xc10c1840                usb_started
 .bss           0xc10c1850      0x5b8 common/libcommon.a(usb_storage.o)
 .bss           0xc10c1e08      0x43c common/libcommon.a(xyzModem.o)
 .bss           0xc10c2244        0x0 board/da8xx/da8xx-evm/libda8xx-evm.a(da850.o)
 .bss           0xc10c2244        0x0 board/da8xx/da8xx-evm/libda8xx-evm.a(board_init.o)
 .bss           0xc10c2244        0x0 lib_generic/libgeneric.a(crc16.o)
 .bss           0xc10c2244        0x0 lib_generic/libgeneric.a(crc32.o)
 .bss           0xc10c2244        0x0 lib_generic/libgeneric.a(ctype.o)
 .bss           0xc10c2244        0x0 lib_generic/libgeneric.a(display_options.o)
 .bss           0xc10c2244        0x0 lib_generic/libgeneric.a(gunzip.o)
 .bss           0xc10c2244        0x0 lib_generic/libgeneric.a(lmb.o)
 .bss           0xc10c2244        0x4 lib_generic/libgeneric.a(string.o)
                0xc10c2244                ___strtok
 .bss           0xc10c2248        0x0 lib_generic/libgeneric.a(vsprintf.o)
 .bss           0xc10c2248     0x10a8 lib_generic/libgeneric.a(zlib.o)
 .bss           0xc10c32f0        0x0 cpu/arm926ejs/libarm926ejs.a(interrupts.o)
 .bss           0xc10c32f0        0x0 cpu/arm926ejs/libarm926ejs.a(cpu.o)
 .bss           0xc10c32f0        0x8 cpu/arm926ejs/da8xx/libda8xx.a(timer.o)
 .bss           0xc10c32f8     0x3c14 cpu/arm926ejs/da8xx/libda8xx.a(ether.o)
                0xc10c32f8                emac_dbg
 .bss           0xc10c6f0c       0x80 cpu/arm926ejs/da8xx/libda8xx.a(nand.o)
 .bss           0xc10c6f8c        0x0 cpu/arm926ejs/da8xx/libda8xx.a(clock.o)
 .bss           0xc10c6f8c        0x0 cpu/arm926ejs/da8xx/libda8xx.a(i2c.o)
 .bss           0xc10c6f8c        0x0 cpu/arm926ejs/da8xx/libda8xx.a(reset.o)
 .bss           0xc10c6f8c        0x0 lib_arm/libarm.a(_ashldi3.o)
 .bss           0xc10c6f8c        0x0 lib_arm/libarm.a(_ashrdi3.o)
 .bss           0xc10c6f8c        0x0 lib_arm/libarm.a(_divsi3.o)
 .bss           0xc10c6f8c        0x0 lib_arm/libarm.a(_modsi3.o)
 .bss           0xc10c6f8c        0x0 lib_arm/libarm.a(_udivsi3.o)
 .bss           0xc10c6f8c        0x0 lib_arm/libarm.a(_umodsi3.o)
 .bss           0xc10c6f8c        0x4 lib_arm/libarm.a(bootm.o)
 .bss           0xc10c6f90        0x0 lib_arm/libarm.a(cache.o)
 .bss           0xc10c6f90        0x0 lib_arm/libarm.a(div0.o)
 .bss           0xc10c6f90    0x30008 fs/fat/libfat.a(fat.o)
                0xc10c6f98                get_vfatname_block
                0xc10e6f98                get_dentfromdir_block
                0xc10d6f98                do_fat_read_block
 .bss           0xc10f6f98        0x0 disk/libdisk.a(part.o)
 .bss           0xc10f6f98        0x0 disk/libdisk.a(part_dos.o)
 .bss           0xc10f6f98        0x0 drivers/mtd/nand/libnand.a(nand_util.o)
 .bss           0xc10f6f98        0x0 drivers/mtd/spi/libspi_flash.a(spi_flash.o)
 .bss           0xc10f6f98        0x0 drivers/mtd/spi/libspi_flash.a(stmicro.o)
 .bss           0xc10f6f98        0xc drivers/spi/libspi.a(davinci_spi.o)
 .bss           0xc10f6fa4        0x1 drivers/usb/libusb.a(musbhdrc.o)
 .bss           0xc10f6fa5        0x0 drivers/usb/libusb.a(da8xx_usb.o)
 .bss           0xc10f6fa5        0x0 lib_generic/libgeneric.a(div64.o)
                0xc10f6fa5                _end = .
Address of section .text set to 0xc1080000
LOAD cpu/arm926ejs/start.o
START GROUP
LOAD lib_generic/libgeneric.a
LOAD lib_generic/lzma/liblzma.a
LOAD cpu/arm926ejs/libarm926ejs.a
LOAD cpu/arm926ejs/da8xx/libda8xx.a
LOAD lib_arm/libarm.a
LOAD fs/cramfs/libcramfs.a
LOAD fs/fat/libfat.a
LOAD fs/fdos/libfdos.a
LOAD fs/jffs2/libjffs2.a
LOAD fs/reiserfs/libreiserfs.a
LOAD fs/ext2/libext2fs.a
LOAD fs/yaffs2/libyaffs2.a
LOAD net/libnet.a
LOAD disk/libdisk.a
LOAD drivers/bios_emulator/libatibiosemu.a
LOAD drivers/block/libblock.a
LOAD drivers/dma/libdma.a
LOAD drivers/fpga/libfpga.a
LOAD drivers/gpio/libgpio.a
LOAD drivers/hwmon/libhwmon.a
LOAD drivers/i2c/libi2c.a
LOAD drivers/input/libinput.a
LOAD drivers/misc/libmisc.a
LOAD drivers/mmc/libmmc.a
LOAD drivers/mtd/libmtd.a
LOAD drivers/mtd/nand/libnand.a
LOAD drivers/mtd/nand_legacy/libnand_legacy.a
LOAD drivers/mtd/onenand/libonenand.a
LOAD drivers/mtd/ubi/libubi.a
LOAD drivers/mtd/spi/libspi_flash.a
LOAD drivers/net/libnet.a
LOAD drivers/net/phy/libphy.a
LOAD drivers/net/sk98lin/libsk98lin.a
LOAD drivers/pci/libpci.a
LOAD drivers/pcmcia/libpcmcia.a
LOAD drivers/spi/libspi.a
LOAD drivers/rtc/librtc.a
LOAD drivers/serial/libserial.a
LOAD drivers/usb/libusb.a
LOAD drivers/video/libvideo.a
LOAD common/libcommon.a
LOAD libfdt/libfdt.a
LOAD api/libapi.a
LOAD post/libpost.a
LOAD board/da8xx/da8xx-evm/libda8xx-evm.a
END GROUP
LOAD /opt/dvsdk/ti_tools/cgt_a8/arm-2009q1/bin/../lib/gcc/arm-none-linux-gnueabi/4.3.3/libgcc.a
OUTPUT(u-boot elf32-littlearm)

.ARM.attributes
                0x00000000       0x10
 .ARM.attributes
                0x00000000       0x10 cpu/arm926ejs/start.o
 .ARM.attributes
                0x00000010       0x10 cpu/arm926ejs/da8xx/libda8xx.a(lowlevel_init.o)
 .ARM.attributes
                0x00000020       0x10 lib_arm/libarm.a(board.o)
 .ARM.attributes
                0x00000030       0x10 lib_arm/libarm.a(interrupts.o)
 .ARM.attributes
                0x00000040       0x10 net/libnet.a(net.o)
 .ARM.attributes
                0x00000050       0x10 net/libnet.a(tftp.o)
 .ARM.attributes
                0x00000060       0x10 net/libnet.a(bootp.o)
 .ARM.attributes
                0x00000070       0x10 net/libnet.a(rarp.o)
 .ARM.attributes
                0x00000080       0x10 net/libnet.a(eth.o)
 .ARM.attributes
                0x00000090       0x10 net/libnet.a(nfs.o)
 .ARM.attributes
                0x000000a0       0x10 drivers/mtd/nand/libnand.a(nand.o)
 .ARM.attributes
                0x000000b0       0x10 drivers/mtd/nand/libnand.a(nand_base.o)
 .ARM.attributes
                0x000000c0       0x10 drivers/mtd/nand/libnand.a(nand_bbt.o)
 .ARM.attributes
                0x000000d0       0x10 drivers/mtd/nand/libnand.a(nand_ecc.o)
 .ARM.attributes
                0x000000e0       0x10 drivers/mtd/nand/libnand.a(nand_ids.o)
 .ARM.attributes
                0x000000f0       0x10 drivers/serial/libserial.a(serial.o)
 .ARM.attributes
                0x00000100       0x10 drivers/serial/libserial.a(ns16550.o)
 .ARM.attributes
                0x00000110       0x10 common/libcommon.a(cmd_autoscript.o)
 .ARM.attributes
                0x00000120       0x10 common/libcommon.a(cmd_bdinfo.o)
 .ARM.attributes
                0x00000130       0x10 common/libcommon.a(cmd_boot.o)
 .ARM.attributes
                0x00000140       0x10 common/libcommon.a(cmd_bootm.o)
 .ARM.attributes
                0x00000150       0x10 common/libcommon.a(cmd_console.o)
 .ARM.attributes
                0x00000160       0x10 common/libcommon.a(cmd_eeprom.o)
 .ARM.attributes
                0x00000170       0x10 common/libcommon.a(cmd_fat.o)
 .ARM.attributes
                0x00000180       0x10 common/libcommon.a(cmd_itest.o)
 .ARM.attributes
                0x00000190       0x10 common/libcommon.a(cmd_load.o)
 .ARM.attributes
                0x000001a0       0x10 common/libcommon.a(cmd_mem.o)
 .ARM.attributes
                0x000001b0       0x10 common/libcommon.a(cmd_mii.o)
 .ARM.attributes
                0x000001c0       0x10 common/libcommon.a(cmd_misc.o)
 .ARM.attributes
                0x000001d0       0x10 common/libcommon.a(cmd_nand.o)
 .ARM.attributes
                0x000001e0       0x10 common/libcommon.a(cmd_net.o)
 .ARM.attributes
                0x000001f0       0x10 common/libcommon.a(cmd_nvedit.o)
 .ARM.attributes
                0x00000200       0x10 common/libcommon.a(cmd_usb.o)
 .ARM.attributes
                0x00000210       0x10 common/libcommon.a(cmd_ximg.o)
 .ARM.attributes
                0x00000220       0x10 common/libcommon.a(command.o)
 .ARM.attributes
                0x00000230       0x10 common/libcommon.a(console.o)
 .ARM.attributes
                0x00000240       0x10 common/libcommon.a(devices.o)
 .ARM.attributes
                0x00000250       0x10 common/libcommon.a(dlmalloc.o)
 .ARM.attributes
                0x00000260       0x10 common/libcommon.a(env_common.o)
 .ARM.attributes
                0x00000270       0x10 common/libcommon.a(env_nand.o)
 .ARM.attributes
                0x00000280       0x10 common/libcommon.a(exports.o)
 .ARM.attributes
                0x00000290       0x10 common/libcommon.a(hush.o)
 .ARM.attributes
                0x000002a0       0x10 common/libcommon.a(image.o)
 .ARM.attributes
                0x000002b0       0x10 common/libcommon.a(main.o)
 .ARM.attributes
                0x000002c0       0x10 common/libcommon.a(miiphyutil.o)
 .ARM.attributes
                0x000002d0       0x10 common/libcommon.a(s_record.o)
 .ARM.attributes
                0x000002e0       0x10 common/libcommon.a(usb.o)
 .ARM.attributes
                0x000002f0       0x10 common/libcommon.a(usb_storage.o)
 .ARM.attributes
                0x00000300       0x10 common/libcommon.a(xyzModem.o)
 .ARM.attributes
                0x00000310       0x10 board/da8xx/da8xx-evm/libda8xx-evm.a(da850.o)
 .ARM.attributes
                0x00000320       0x10 board/da8xx/da8xx-evm/libda8xx-evm.a(board_init.o)
 .ARM.attributes
                0x00000330       0x10 lib_generic/libgeneric.a(crc16.o)
 .ARM.attributes
                0x00000340       0x10 lib_generic/libgeneric.a(crc32.o)
 .ARM.attributes
                0x00000350       0x10 lib_generic/libgeneric.a(ctype.o)
 .ARM.attributes
                0x00000360       0x10 lib_generic/libgeneric.a(display_options.o)
 .ARM.attributes
                0x00000370       0x10 lib_generic/libgeneric.a(gunzip.o)
 .ARM.attributes
                0x00000380       0x10 lib_generic/libgeneric.a(lmb.o)
 .ARM.attributes
                0x00000390       0x10 lib_generic/libgeneric.a(string.o)
 .ARM.attributes
                0x000003a0       0x10 lib_generic/libgeneric.a(vsprintf.o)
 .ARM.attributes
                0x000003b0       0x10 lib_generic/libgeneric.a(zlib.o)
 .ARM.attributes
                0x000003c0       0x10 cpu/arm926ejs/libarm926ejs.a(interrupts.o)
 .ARM.attributes
                0x000003d0       0x10 cpu/arm926ejs/libarm926ejs.a(cpu.o)
 .ARM.attributes
                0x000003e0       0x10 cpu/arm926ejs/da8xx/libda8xx.a(timer.o)
 .ARM.attributes
                0x000003f0       0x10 cpu/arm926ejs/da8xx/libda8xx.a(ether.o)
 .ARM.attributes
                0x00000400       0x10 cpu/arm926ejs/da8xx/libda8xx.a(nand.o)
 .ARM.attributes
                0x00000410       0x10 cpu/arm926ejs/da8xx/libda8xx.a(clock.o)
 .ARM.attributes
                0x00000420       0x10 cpu/arm926ejs/da8xx/libda8xx.a(i2c.o)
 .ARM.attributes
                0x00000430       0x10 cpu/arm926ejs/da8xx/libda8xx.a(reset.o)
 .ARM.attributes
                0x00000440       0x10 lib_arm/libarm.a(_ashldi3.o)
 .ARM.attributes
                0x00000450       0x10 lib_arm/libarm.a(_ashrdi3.o)
 .ARM.attributes
                0x00000460       0x10 lib_arm/libarm.a(_divsi3.o)
 .ARM.attributes
                0x00000470       0x10 lib_arm/libarm.a(_modsi3.o)
 .ARM.attributes
                0x00000480       0x10 lib_arm/libarm.a(_udivsi3.o)
 .ARM.attributes
                0x00000490       0x10 lib_arm/libarm.a(_umodsi3.o)
 .ARM.attributes
                0x000004a0       0x10 lib_arm/libarm.a(bootm.o)
 .ARM.attributes
                0x000004b0       0x10 lib_arm/libarm.a(cache.o)
 .ARM.attributes
                0x000004c0       0x10 lib_arm/libarm.a(div0.o)
 .ARM.attributes
                0x000004d0       0x10 fs/fat/libfat.a(fat.o)
 .ARM.attributes
                0x000004e0       0x10 disk/libdisk.a(part.o)
 .ARM.attributes
                0x000004f0       0x10 disk/libdisk.a(part_dos.o)
 .ARM.attributes
                0x00000500       0x10 drivers/mtd/nand/libnand.a(nand_util.o)
 .ARM.attributes
                0x00000510       0x10 drivers/mtd/spi/libspi_flash.a(spi_flash.o)
 .ARM.attributes
                0x00000520       0x10 drivers/mtd/spi/libspi_flash.a(stmicro.o)
 .ARM.attributes
                0x00000530       0x10 drivers/spi/libspi.a(davinci_spi.o)
 .ARM.attributes
                0x00000540       0x10 drivers/usb/libusb.a(musbhdrc.o)
 .ARM.attributes
                0x00000550       0x10 drivers/usb/libusb.a(da8xx_usb.o)
 .ARM.attributes
                0x00000560       0x10 lib_generic/libgeneric.a(div64.o)

.comment        0x00000000      0xcef
 .comment       0x00000000       0x2b lib_arm/libarm.a(board.o)
 .comment       0x0000002b       0x2b lib_arm/libarm.a(interrupts.o)
 .comment       0x00000056       0x2b net/libnet.a(net.o)
 .comment       0x00000081       0x2b net/libnet.a(tftp.o)
 .comment       0x000000ac       0x2b net/libnet.a(bootp.o)
 .comment       0x000000d7       0x2b net/libnet.a(rarp.o)
 .comment       0x00000102       0x2b net/libnet.a(eth.o)
 .comment       0x0000012d       0x2b net/libnet.a(nfs.o)
 .comment       0x00000158       0x2b drivers/mtd/nand/libnand.a(nand.o)
 .comment       0x00000183       0x2b drivers/mtd/nand/libnand.a(nand_base.o)
 .comment       0x000001ae       0x2b drivers/mtd/nand/libnand.a(nand_bbt.o)
 .comment       0x000001d9       0x2b drivers/mtd/nand/libnand.a(nand_ecc.o)
 .comment       0x00000204       0x2b drivers/mtd/nand/libnand.a(nand_ids.o)
 .comment       0x0000022f       0x2b drivers/serial/libserial.a(serial.o)
 .comment       0x0000025a       0x2b drivers/serial/libserial.a(ns16550.o)
 .comment       0x00000285       0x2b common/libcommon.a(cmd_autoscript.o)
 .comment       0x000002b0       0x2b common/libcommon.a(cmd_bdinfo.o)
 .comment       0x000002db       0x2b common/libcommon.a(cmd_boot.o)
 .comment       0x00000306       0x2b common/libcommon.a(cmd_bootm.o)
 .comment       0x00000331       0x2b common/libcommon.a(cmd_console.o)
 .comment       0x0000035c       0x2b common/libcommon.a(cmd_eeprom.o)
 .comment       0x00000387       0x2b common/libcommon.a(cmd_fat.o)
 .comment       0x000003b2       0x2b common/libcommon.a(cmd_itest.o)
 .comment       0x000003dd       0x2b common/libcommon.a(cmd_load.o)
 .comment       0x00000408       0x2b common/libcommon.a(cmd_mem.o)
 .comment       0x00000433       0x2b common/libcommon.a(cmd_mii.o)
 .comment       0x0000045e       0x2b common/libcommon.a(cmd_misc.o)
 .comment       0x00000489       0x2b common/libcommon.a(cmd_nand.o)
 .comment       0x000004b4       0x2b common/libcommon.a(cmd_net.o)
 .comment       0x000004df       0x2b common/libcommon.a(cmd_nvedit.o)
 .comment       0x0000050a       0x2b common/libcommon.a(cmd_usb.o)
 .comment       0x00000535       0x2b common/libcommon.a(cmd_ximg.o)
 .comment       0x00000560       0x2b common/libcommon.a(command.o)
 .comment       0x0000058b       0x2b common/libcommon.a(console.o)
 .comment       0x000005b6       0x2b common/libcommon.a(devices.o)
 .comment       0x000005e1       0x2b common/libcommon.a(dlmalloc.o)
 .comment       0x0000060c       0x2b common/libcommon.a(env_common.o)
 .comment       0x00000637       0x2b common/libcommon.a(env_nand.o)
 .comment       0x00000662       0x2b common/libcommon.a(exports.o)
 .comment       0x0000068d       0x2b common/libcommon.a(hush.o)
 .comment       0x000006b8       0x2b common/libcommon.a(image.o)
 .comment       0x000006e3       0x2b common/libcommon.a(main.o)
 .comment       0x0000070e       0x2b common/libcommon.a(miiphyutil.o)
 .comment       0x00000739       0x2b common/libcommon.a(s_record.o)
 .comment       0x00000764       0x2b common/libcommon.a(usb.o)
 .comment       0x0000078f       0x2b common/libcommon.a(usb_storage.o)
 .comment       0x000007ba       0x2b common/libcommon.a(xyzModem.o)
 .comment       0x000007e5       0x2b board/da8xx/da8xx-evm/libda8xx-evm.a(da850.o)
 .comment       0x00000810       0x2b lib_generic/libgeneric.a(crc16.o)
 .comment       0x0000083b       0x2b lib_generic/libgeneric.a(crc32.o)
 .comment       0x00000866       0x2b lib_generic/libgeneric.a(ctype.o)
 .comment       0x00000891       0x2b lib_generic/libgeneric.a(display_options.o)
 .comment       0x000008bc       0x2b lib_generic/libgeneric.a(gunzip.o)
 .comment       0x000008e7       0x2b lib_generic/libgeneric.a(lmb.o)
 .comment       0x00000912       0x2b lib_generic/libgeneric.a(string.o)
 .comment       0x0000093d       0x2b lib_generic/libgeneric.a(vsprintf.o)
 .comment       0x00000968       0x2b lib_generic/libgeneric.a(zlib.o)
 .comment       0x00000993       0x2b cpu/arm926ejs/libarm926ejs.a(interrupts.o)
 .comment       0x000009be       0x2b cpu/arm926ejs/libarm926ejs.a(cpu.o)
 .comment       0x000009e9       0x2b cpu/arm926ejs/da8xx/libda8xx.a(timer.o)
 .comment       0x00000a14       0x2b cpu/arm926ejs/da8xx/libda8xx.a(ether.o)
 .comment       0x00000a3f       0x2b cpu/arm926ejs/da8xx/libda8xx.a(nand.o)
 .comment       0x00000a6a       0x2b cpu/arm926ejs/da8xx/libda8xx.a(clock.o)
 .comment       0x00000a95       0x2b cpu/arm926ejs/da8xx/libda8xx.a(i2c.o)
 .comment       0x00000ac0       0x2b lib_arm/libarm.a(bootm.o)
 .comment       0x00000aeb       0x2b lib_arm/libarm.a(cache.o)
 .comment       0x00000b16       0x2b lib_arm/libarm.a(div0.o)
 .comment       0x00000b41       0x2b fs/fat/libfat.a(fat.o)
 .comment       0x00000b6c       0x2b disk/libdisk.a(part.o)
 .comment       0x00000b97       0x2b disk/libdisk.a(part_dos.o)
 .comment       0x00000bc2       0x2b drivers/mtd/nand/libnand.a(nand_util.o)
 .comment       0x00000bed       0x2b drivers/mtd/spi/libspi_flash.a(spi_flash.o)
 .comment       0x00000c18       0x2b drivers/mtd/spi/libspi_flash.a(stmicro.o)
 .comment       0x00000c43       0x2b drivers/spi/libspi.a(davinci_spi.o)
 .comment       0x00000c6e       0x2b drivers/usb/libusb.a(musbhdrc.o)
 .comment       0x00000c99       0x2b drivers/usb/libusb.a(da8xx_usb.o)
 .comment       0x00000cc4       0x2b lib_generic/libgeneric.a(div64.o)

.note.GNU-stack
                0x00000000        0x0
 .note.GNU-stack
                0x00000000        0x0 lib_arm/libarm.a(board.o)
 .note.GNU-stack
                0x00000000        0x0 lib_arm/libarm.a(interrupts.o)
 .note.GNU-stack
                0x00000000        0x0 net/libnet.a(net.o)
 .note.GNU-stack
                0x00000000        0x0 net/libnet.a(tftp.o)
 .note.GNU-stack
                0x00000000        0x0 net/libnet.a(bootp.o)
 .note.GNU-stack
                0x00000000        0x0 net/libnet.a(rarp.o)
 .note.GNU-stack
                0x00000000        0x0 net/libnet.a(eth.o)
 .note.GNU-stack
                0x00000000        0x0 net/libnet.a(nfs.o)
 .note.GNU-stack
                0x00000000        0x0 drivers/mtd/nand/libnand.a(nand.o)
 .note.GNU-stack
                0x00000000        0x0 drivers/mtd/nand/libnand.a(nand_base.o)
 .note.GNU-stack
                0x00000000        0x0 drivers/mtd/nand/libnand.a(nand_bbt.o)
 .note.GNU-stack
                0x00000000        0x0 drivers/mtd/nand/libnand.a(nand_ecc.o)
 .note.GNU-stack
                0x00000000        0x0 drivers/mtd/nand/libnand.a(nand_ids.o)
 .note.GNU-stack
                0x00000000        0x0 drivers/serial/libserial.a(serial.o)
 .note.GNU-stack
                0x00000000        0x0 drivers/serial/libserial.a(ns16550.o)
 .note.GNU-stack
                0x00000000        0x0 common/libcommon.a(cmd_autoscript.o)
 .note.GNU-stack
                0x00000000        0x0 common/libcommon.a(cmd_bdinfo.o)
 .note.GNU-stack
                0x00000000        0x0 common/libcommon.a(cmd_boot.o)
 .note.GNU-stack
                0x00000000        0x0 common/libcommon.a(cmd_bootm.o)
 .note.GNU-stack
                0x00000000        0x0 common/libcommon.a(cmd_console.o)
 .note.GNU-stack
                0x00000000        0x0 common/libcommon.a(cmd_eeprom.o)
 .note.GNU-stack
                0x00000000        0x0 common/libcommon.a(cmd_fat.o)
 .note.GNU-stack
                0x00000000        0x0 common/libcommon.a(cmd_itest.o)
 .note.GNU-stack
                0x00000000        0x0 common/libcommon.a(cmd_load.o)
 .note.GNU-stack
                0x00000000        0x0 common/libcommon.a(cmd_mem.o)
 .note.GNU-stack
                0x00000000        0x0 common/libcommon.a(cmd_mii.o)
 .note.GNU-stack
                0x00000000        0x0 common/libcommon.a(cmd_misc.o)
 .note.GNU-stack
                0x00000000        0x0 common/libcommon.a(cmd_nand.o)
 .note.GNU-stack
                0x00000000        0x0 common/libcommon.a(cmd_net.o)
 .note.GNU-stack
                0x00000000        0x0 common/libcommon.a(cmd_nvedit.o)
 .note.GNU-stack
                0x00000000        0x0 common/libcommon.a(cmd_usb.o)
 .note.GNU-stack
                0x00000000        0x0 common/libcommon.a(cmd_ximg.o)
 .note.GNU-stack
                0x00000000        0x0 common/libcommon.a(command.o)
 .note.GNU-stack
                0x00000000        0x0 common/libcommon.a(console.o)
 .note.GNU-stack
                0x00000000        0x0 common/libcommon.a(devices.o)
 .note.GNU-stack
                0x00000000        0x0 common/libcommon.a(dlmalloc.o)
 .note.GNU-stack
                0x00000000        0x0 common/libcommon.a(env_common.o)
 .note.GNU-stack
                0x00000000        0x0 common/libcommon.a(env_nand.o)
 .note.GNU-stack
                0x00000000        0x0 common/libcommon.a(exports.o)
 .note.GNU-stack
                0x00000000        0x0 common/libcommon.a(hush.o)
 .note.GNU-stack
                0x00000000        0x0 common/libcommon.a(image.o)
 .note.GNU-stack
                0x00000000        0x0 common/libcommon.a(main.o)
 .note.GNU-stack
                0x00000000        0x0 common/libcommon.a(miiphyutil.o)
 .note.GNU-stack
                0x00000000        0x0 common/libcommon.a(s_record.o)
 .note.GNU-stack
                0x00000000        0x0 common/libcommon.a(usb.o)
 .note.GNU-stack
                0x00000000        0x0 common/libcommon.a(usb_storage.o)
 .note.GNU-stack
                0x00000000        0x0 common/libcommon.a(xyzModem.o)
 .note.GNU-stack
                0x00000000        0x0 board/da8xx/da8xx-evm/libda8xx-evm.a(da850.o)
 .note.GNU-stack
                0x00000000        0x0 lib_generic/libgeneric.a(crc16.o)
 .note.GNU-stack
                0x00000000        0x0 lib_generic/libgeneric.a(crc32.o)
 .note.GNU-stack
                0x00000000        0x0 lib_generic/libgeneric.a(ctype.o)
 .note.GNU-stack
                0x00000000        0x0 lib_generic/libgeneric.a(display_options.o)
 .note.GNU-stack
                0x00000000        0x0 lib_generic/libgeneric.a(gunzip.o)
 .note.GNU-stack
                0x00000000        0x0 lib_generic/libgeneric.a(lmb.o)
 .note.GNU-stack
                0x00000000        0x0 lib_generic/libgeneric.a(string.o)
 .note.GNU-stack
                0x00000000        0x0 lib_generic/libgeneric.a(vsprintf.o)
 .note.GNU-stack
                0x00000000        0x0 lib_generic/libgeneric.a(zlib.o)
 .note.GNU-stack
                0x00000000        0x0 cpu/arm926ejs/libarm926ejs.a(interrupts.o)
 .note.GNU-stack
                0x00000000        0x0 cpu/arm926ejs/libarm926ejs.a(cpu.o)
 .note.GNU-stack
                0x00000000        0x0 cpu/arm926ejs/da8xx/libda8xx.a(timer.o)
 .note.GNU-stack
                0x00000000        0x0 cpu/arm926ejs/da8xx/libda8xx.a(ether.o)
 .note.GNU-stack
                0x00000000        0x0 cpu/arm926ejs/da8xx/libda8xx.a(nand.o)
 .note.GNU-stack
                0x00000000        0x0 cpu/arm926ejs/da8xx/libda8xx.a(clock.o)
 .note.GNU-stack
                0x00000000        0x0 cpu/arm926ejs/da8xx/libda8xx.a(i2c.o)
 .note.GNU-stack
                0x00000000        0x0 lib_arm/libarm.a(bootm.o)
 .note.GNU-stack
                0x00000000        0x0 lib_arm/libarm.a(cache.o)
 .note.GNU-stack
                0x00000000        0x0 lib_arm/libarm.a(div0.o)
 .note.GNU-stack
                0x00000000        0x0 fs/fat/libfat.a(fat.o)
 .note.GNU-stack
                0x00000000        0x0 disk/libdisk.a(part.o)
 .note.GNU-stack
                0x00000000        0x0 disk/libdisk.a(part_dos.o)
 .note.GNU-stack
                0x00000000        0x0 drivers/mtd/nand/libnand.a(nand_util.o)
 .note.GNU-stack
                0x00000000        0x0 drivers/mtd/spi/libspi_flash.a(spi_flash.o)
 .note.GNU-stack
                0x00000000        0x0 drivers/mtd/spi/libspi_flash.a(stmicro.o)
 .note.GNU-stack
                0x00000000        0x0 drivers/spi/libspi.a(davinci_spi.o)
 .note.GNU-stack
                0x00000000        0x0 drivers/usb/libusb.a(musbhdrc.o)
 .note.GNU-stack
                0x00000000        0x0 drivers/usb/libusb.a(da8xx_usb.o)
 .note.GNU-stack
                0x00000000        0x0 lib_generic/libgeneric.a(div64.o)

.debug_line     0x00000000     0x9b31
 .debug_line    0x00000000       0x8e cpu/arm926ejs/start.o
 .debug_line    0x0000008e       0x40 cpu/arm926ejs/da8xx/libda8xx.a(lowlevel_init.o)
 .debug_line    0x000000ce      0x1ad lib_arm/libarm.a(board.o)
 .debug_line    0x0000027b       0xd0 lib_arm/libarm.a(interrupts.o)
 .debug_line    0x0000034b      0x48d net/libnet.a(net.o)
 .debug_line    0x000007d8      0x235 net/libnet.a(tftp.o)
 .debug_line    0x00000a0d      0x2ce net/libnet.a(bootp.o)
 .debug_line    0x00000cdb       0xe3 net/libnet.a(rarp.o)
 .debug_line    0x00000dbe      0x1af net/libnet.a(eth.o)
 .debug_line    0x00000f6d      0x310 net/libnet.a(nfs.o)
 .debug_line    0x0000127d      0x154 drivers/mtd/nand/libnand.a(nand.o)
 .debug_line    0x000013d1      0x907 drivers/mtd/nand/libnand.a(nand_base.o)
 .debug_line    0x00001cd8      0x46a drivers/mtd/nand/libnand.a(nand_bbt.o)
 .debug_line    0x00002142      0x1a2 drivers/mtd/nand/libnand.a(nand_ecc.o)
 .debug_line    0x000022e4       0x62 drivers/mtd/nand/libnand.a(nand_ids.o)
 .debug_line    0x00002346      0x1a9 drivers/serial/libserial.a(serial.o)
 .debug_line    0x000024ef       0xa7 drivers/serial/libserial.a(ns16550.o)
 .debug_line    0x00002596      0x168 common/libcommon.a(cmd_autoscript.o)
 .debug_line    0x000026fe       0xfe common/libcommon.a(cmd_bdinfo.o)
 .debug_line    0x000027fc       0xad common/libcommon.a(cmd_boot.o)
 .debug_line    0x000028a9      0x35c common/libcommon.a(cmd_bootm.o)
 .debug_line    0x00002c05       0xc3 common/libcommon.a(cmd_console.o)
 .debug_line    0x00002cc8      0x128 common/libcommon.a(cmd_eeprom.o)
 .debug_line    0x00002df0      0x113 common/libcommon.a(cmd_fat.o)
 .debug_line    0x00002f03       0xee common/libcommon.a(cmd_itest.o)
 .debug_line    0x00002ff1      0x3b1 common/libcommon.a(cmd_load.o)
 .debug_line    0x000033a2      0x24e common/libcommon.a(cmd_mem.o)
 .debug_line    0x000035f0      0x1ab common/libcommon.a(cmd_mii.o)
 .debug_line    0x0000379b       0xad common/libcommon.a(cmd_misc.o)
 .debug_line    0x00003848      0x303 common/libcommon.a(cmd_nand.o)
 .debug_line    0x00003b4b      0x134 common/libcommon.a(cmd_net.o)
 .debug_line    0x00003c7f      0x297 common/libcommon.a(cmd_nvedit.o)
 .debug_line    0x00003f16      0x32b common/libcommon.a(cmd_usb.o)
 .debug_line    0x00004241      0x169 common/libcommon.a(cmd_ximg.o)
 .debug_line    0x000043aa      0x225 common/libcommon.a(command.o)
 .debug_line    0x000045cf      0x261 common/libcommon.a(console.o)
 .debug_line    0x00004830      0x16e common/libcommon.a(devices.o)
 .debug_line    0x0000499e      0x34e common/libcommon.a(dlmalloc.o)
 .debug_line    0x00004cec      0x164 common/libcommon.a(env_common.o)
 .debug_line    0x00004e50      0x1ea common/libcommon.a(env_nand.o)
 .debug_line    0x0000503a       0xf3 common/libcommon.a(exports.o)
 .debug_line    0x0000512d      0x5d3 common/libcommon.a(hush.o)
 .debug_line    0x00005700      0x30b common/libcommon.a(image.o)
 .debug_line    0x00005a0b      0x323 common/libcommon.a(main.o)
 .debug_line    0x00005d2e      0x1ae common/libcommon.a(miiphyutil.o)
 .debug_line    0x00005edc       0xcd common/libcommon.a(s_record.o)
 .debug_line    0x00005fa9      0x3cf common/libcommon.a(usb.o)
 .debug_line    0x00006378      0x449 common/libcommon.a(usb_storage.o)
 .debug_line    0x000067c1      0x1e4 common/libcommon.a(xyzModem.o)
 .debug_line    0x000069a5      0x23b board/da8xx/da8xx-evm/libda8xx-evm.a(da850.o)
 .debug_line    0x00006be0       0x3c board/da8xx/da8xx-evm/libda8xx-evm.a(board_init.o)
 .debug_line    0x00006c1c       0xa4 lib_generic/libgeneric.a(crc16.o)
 .debug_line    0x00006cc0       0xf7 lib_generic/libgeneric.a(crc32.o)
 .debug_line    0x00006db7       0x28 lib_generic/libgeneric.a(ctype.o)
 .debug_line    0x00006ddf      0x10f lib_generic/libgeneric.a(display_options.o)
 .debug_line    0x00006eee       0xa6 lib_generic/libgeneric.a(gunzip.o)
 .debug_line    0x00006f94      0x1ee lib_generic/libgeneric.a(lmb.o)
 .debug_line    0x00007182      0x19f lib_generic/libgeneric.a(string.o)
 .debug_line    0x00007321      0x1ef lib_generic/libgeneric.a(vsprintf.o)
 .debug_line    0x00007510      0x60a lib_generic/libgeneric.a(zlib.o)
 .debug_line    0x00007b1a       0x3e cpu/arm926ejs/libarm926ejs.a(interrupts.o)
 .debug_line    0x00007b58      0x110 cpu/arm926ejs/libarm926ejs.a(cpu.o)
 .debug_line    0x00007c68       0xe7 cpu/arm926ejs/da8xx/libda8xx.a(timer.o)
 .debug_line    0x00007d4f      0x31b cpu/arm926ejs/da8xx/libda8xx.a(ether.o)
 .debug_line    0x0000806a      0x2fc cpu/arm926ejs/da8xx/libda8xx.a(nand.o)
 .debug_line    0x00008366       0x64 cpu/arm926ejs/da8xx/libda8xx.a(clock.o)
 .debug_line    0x000083ca      0x172 cpu/arm926ejs/da8xx/libda8xx.a(i2c.o)
 .debug_line    0x0000853c       0x56 cpu/arm926ejs/da8xx/libda8xx.a(reset.o)
 .debug_line    0x00008592       0x40 lib_arm/libarm.a(_ashldi3.o)
 .debug_line    0x000085d2       0x40 lib_arm/libarm.a(_ashrdi3.o)
 .debug_line    0x00008612       0x66 lib_arm/libarm.a(_divsi3.o)
 .debug_line    0x00008678       0x53 lib_arm/libarm.a(_modsi3.o)
 .debug_line    0x000086cb       0x5f lib_arm/libarm.a(_udivsi3.o)
 .debug_line    0x0000872a       0x66 lib_arm/libarm.a(_umodsi3.o)
 .debug_line    0x00008790      0x150 lib_arm/libarm.a(bootm.o)
 .debug_line    0x000088e0       0x38 lib_arm/libarm.a(cache.o)
 .debug_line    0x00008918       0x38 lib_arm/libarm.a(div0.o)
 .debug_line    0x00008950      0x3a1 fs/fat/libfat.a(fat.o)
 .debug_line    0x00008cf1      0x173 disk/libdisk.a(part.o)
 .debug_line    0x00008e64      0x138 disk/libdisk.a(part_dos.o)
 .debug_line    0x00008f9c      0x264 drivers/mtd/nand/libnand.a(nand_util.o)
 .debug_line    0x00009200      0x14f drivers/mtd/spi/libspi_flash.a(spi_flash.o)
 .debug_line    0x0000934f      0x1d0 drivers/mtd/spi/libspi_flash.a(stmicro.o)
 .debug_line    0x0000951f      0x207 drivers/spi/libspi.a(davinci_spi.o)
 .debug_line    0x00009726      0x273 drivers/usb/libusb.a(musbhdrc.o)